17:09:57 [scan7] boot SCAN sha=74159ab gpu=NVIDIA RTX 2000 Ada Generation, 16380 MiB vol=2190893G 434906G order=pfc_first lives=32 T=64 d=512 L=8 opts={"n_council":2,"slot_every":1,"write_every":1,"compile_council":true,"compile_read":true,"store_exact":true,"register":{"3":4}} clocks=3:1,4:8,5:64,6:512,7:4096,8:32768 prec=bf16
17:10:11 [scan7] inventory: flash_epi=ok flash_eval_epi=ok mini_epi=ok mini_eval_epi=ok tar=24G parquets=19 judge=ok
17:10:20 [scan7] copyable train: COPYABLE {"shard": "/workspace/v10/scan_epi_l32", "lives": 32, "life_len": 6250000, "tokens_per_lane_measured": 200000, "lane0_k4_w256": {"copy_correct": 0.0502, "context_seen": 0.0785}, "lane0_k4_w4096": {"copy_correct": 0.1523, "context_seen": 0.2146}, "lane0_k8_w65536": {"copy_correct": 0.1195, "context_seen": 0.143}, "lane1_
17:10:27 [scan7] copyable eval: COPYABLE {"shard": "/workspace/v10/mini_eval_epi", "lives": 2, "life_len": 10000000, "tokens_per_lane_measured": 200000, "lane0_k4_w256": {"copy_correct": 0.145, "context_seen": 0.1926}, "lane0_k4_w4096": {"copy_correct": 0.2444, "context_seen": 0.3234}, "lane0_k8_w65536": {"copy_correct": 0.1814, "context_seen": 0.2208}, "lane1
17:13:21 [scan7] smoke SCANSMOKE {"lanes": 32, "T": 64, "order": "pfc_first", "tok_s": 498, "holds": 12.8, "lam": 0.01953, "ce": [9.937, 6.184], "peak_gib": 12.2, "params_m": 71.7}
17:13:29 [scan7] run started pid 1459 lam 0.01953: 
17:15:36 [scan7] 2 min:     timing ms/step: fwd=10769 bwd=6055 opt=89 loss_events=26 sweep=1 prophet=0 detach=0 data=0  total=16940  gc2=14 gc1=372 objs=250605
17:30:45 [scan7] inflight step   400  ce 5.767  loss 5.874  holds 6272  991 tok/s (now 996)  [fid:3=+0.038 fid:4=+0.097 fid:5=+0.148 fid:6=+0.000  | hb: 
17:33:53 [scan7] boot SCAN sha=74159ab gpu=NVIDIA GeForce RTX 4090, 24564 MiB vol=2190893G 433304G order=pfc_first lives=32 T=64 d=512 L=8 opts={"n_council":2,"slot_every":1,"write_every":1,"compile_council":true,"compile_read":true,"store_exact":true,"register":{"3":4}} clocks=3:1,4:8,5:64,6:512,7:4096,8:32768 prec=bf16
17:34:03 [scan7] inventory: flash_epi=ok flash_eval_epi=ok mini_epi=ok mini_eval_epi=ok tar=24G parquets=19 judge=ok
17:34:10 [scan7] copyable train: COPYABLE {"shard": "/workspace/v10/scan_epi_l32", "lives": 32, "life_len": 6250000, "tokens_per_lane_measured": 200000, "lane0_k4_w256": {"copy_correct": 0.0502, "context_seen": 0.0785}, "lane0_k4_w4096": {"copy_correct": 0.1523, "context_seen": 0.2146}, "lane0_k8_w65536": {"copy_correct": 0.1195, "context_seen": 0.143}, "lane1_
17:34:17 [scan7] copyable eval: COPYABLE {"shard": "/workspace/v10/mini_eval_epi", "lives": 2, "life_len": 10000000, "tokens_per_lane_measured": 200000, "lane0_k4_w256": {"copy_correct": 0.145, "context_seen": 0.1926}, "lane0_k4_w4096": {"copy_correct": 0.2444, "context_seen": 0.3234}, "lane0_k8_w65536": {"copy_correct": 0.1814, "context_seen": 0.2208}, "lane1
17:35:23 [scan7] smoke SCANSMOKE {"lanes": 32, "T": 64, "order": "pfc_first", "tok_s": 1396, "holds": 12.8, "lam": 0.01953, "ce": [9.937, 6.184], "peak_gib": 12.2, "params_m": 71.7}
17:35:30 [scan7] run started pid 1300 lam 0.01953: 
17:37:36 [scan7] 2 min:     timing ms/step: bwd=408 fwd=226 opt=10 loss_events=3 prophet=2 sweep=0 detach=0 data=0  total=651  gc2=17 gc1=532 objs=252759
17:52:43 [scan7] inflight step  2300  ce 3.830  loss 3.909  holds 28672  3,630 tok/s (now 3,763)  [fid:3=+0.408 fid:4=+0.017 fid:5=+0.029 fid:6=+0 | hb: 
18:07:50 [scan7] inflight step  3900  ce 3.471  loss 3.548  holds 54272  3,629 tok/s (now 3,751)  [fid:3=+0.444 fid:4=+0.021 fid:5=+0.035 fid:6=+0 | hb: 
18:22:57 [scan7] inflight step  5400  ce 3.204  loss 3.966  holds 78336  3,606 tok/s (now 3,607)  [fid:3=+0.458 fid:4=+0.027 fid:5=+0.045 fid:6=+0 | hb: 
18:38:05 [scan7] inflight step  6000  ce 2.941  loss 3.019  holds 87936  3,596 tok/s (now 3,733)  [fid:3=+0.467 fid:4=+0.025 fid:5=+0.043 fid:6=+0 | hb: {"step": 6000, "tokens": 12288000, "rows": [{"probe": "ce_recall", "ce": 4.4532, "recall": {"in-ctx": {"acc": 0.289, "n": 1451}, "short": {"acc": 0.265, "n": 1792}, "b3": {"acc": null, "n": 0}, "b4": 
18:53:12 [scan7] inflight step  7500  ce 2.852  loss 3.534  holds 23936  3,452 tok/s (now 3,516)  [fid:3=+0.486 fid:4=+0.030 fid:5=+0.045 fid:6=+0 | hb: {"step": 6000, "tokens": 12288000, "rows": [{"probe": "ce_recall", "ce": 4.4532, "recall": {"in-ctx": {"acc": 0.289, "n": 1451}, "short": {"acc": 0.265, "n": 1792}, "b3": {"acc": null, "n": 0}, "b4": 
19:08:18 [scan7] inflight step  7500  ce 2.852  loss 3.534  holds 23936  3,452 tok/s (now 3,516)  [fid:3=+0.486 fid:4=+0.030 fid:5=+0.045 fid:6=+0 | hb: {"step": 6000, "tokens": 12288000, "rows": [{"probe": "ce_recall", "ce": 4.4532, "recall": {"in-ctx": {"acc": 0.289, "n": 1451}, "short": {"acc": 0.265, "n": 1792}, "b3": {"acc": null, "n": 0}, "b4": 
19:23:24 [scan7] inflight resumed /workspace/v10_scan_out_scan7/scan.pt at step 7500 (ema keys: ['fid:3', 'fid:4', 'fid:5', 'fid:6', 'fid:7', 'fid | hb: {"step": 7500, "tokens": 15360000, "rows": [{"probe": "ce_recall", "ce": 4.3524, "recall": {"in-ctx": {"acc": 0.356, "n": 1451}, "short": {"acc": 0.253, "n": 1792}, "b3": {"acc": null, "n": 0}, "b4": 
19:38:31 [scan7] inflight step  8900  ce 3.316  loss 4.093  holds 22272  3,296 tok/s (now 3,312)  [fid:3=+0.446 fid:4=+0.013 fid:5=+0.033 fid:6=+0 | hb: {"step": 7500, "tokens": 15360000, "rows": [{"probe": "ce_recall", "ce": 4.3524, "recall": {"in-ctx": {"acc": 0.356, "n": 1451}, "short": {"acc": 0.253, "n": 1792}, "b3": {"acc": null, "n": 0}, "b4": 
