  },
  {
   "probe": "lesion_store",
   "ce_delta": 0.1169,
   "recall": {
    "in-ctx": 0.239,
    "short": 0.21,
    "b3": null,
    "b4": 0.174,
    "b5": null,
    "b6": null
   }
  },
  {
   "probe": "lesion_thread",
   "ce_delta": 1.5492,
   "recall": {
    "in-ctx": 0.164,
    "short": 0.196,
    "b3": null,
    "b4": 0.229,
    "b5": null,
    "b6": null
   }
  },
  {
   "probe": "lesion_base",
   "ce": 4.5608,
   "recall": {
    "in-ctx": 0.379,
    "short": 0.239,
    "b3": null,
    "b4": 0.179,
    "b5": null,
    "b6": null
   }
  }
 ],
 "verdict": "ok",
 "why": []
}
resumed /workspace/v10_scan_out_scan7/scan.pt at step 7500 (ema keys: ['fid:3', 'fid:4', 'fid:5', 'fid:6', 'fid:7', 'fid:8', 'recall:b0', 'recall:b1', 'recall:b2'])
W0822 19:23:14.988000 133338215749184 torch/fx/experimental/symbolic_shapes.py:4449] [1/3] d2 is not in var_ranges, defaulting to unknown range.
W0822 19:23:14.988000 133338215749184 torch/fx/experimental/symbolic_shapes.py:4449] [1/3] d0 is not in var_ranges, defaulting to unknown range.
W0822 19:23:14.991000 133338215749184 torch/fx/experimental/symbolic_shapes.py:4449] [1/3] d2 is not in var_ranges, defaulting to unknown range.
W0822 19:23:14.991000 133338215749184 torch/fx/experimental/symbolic_shapes.py:4449] [1/3] d1 is not in var_ranges, defaulting to unknown range.
W0822 19:23:14.991000 133338215749184 torch/fx/experimental/symbolic_shapes.py:4449] [1/3] d0 is not in var_ranges, defaulting to unknown range.
W0822 19:23:15.001000 133338215749184 torch/fx/experimental/symbolic_shapes.py:4449] [1/3] d2 is not in var_ranges, defaulting to unknown range.
W0822 19:23:15.001000 133338215749184 torch/fx/experimental/symbolic_shapes.py:4449] [1/3] d1 is not in var_ranges, defaulting to unknown range.
W0822 19:23:15.001000 133338215749184 torch/fx/experimental/symbolic_shapes.py:4449] [1/3] d0 is not in var_ranges, defaulting to unknown range.
W0822 19:23:15.005000 133338215749184 torch/fx/experimental/symbolic_shapes.py:4449] [1/3] d2 is not in var_ranges, defaulting to unknown range.
W0822 19:23:15.005000 133338215749184 torch/fx/experimental/symbolic_shapes.py:4449] [1/3] d1 is not in var_ranges, defaulting to unknown range.
W0822 19:23:15.005000 133338215749184 torch/fx/experimental/symbolic_shapes.py:4449] [1/3] d0 is not in var_ranges, defaulting to unknown range.
W0822 19:23:15.138000 133338215749184 torch/fx/experimental/symbolic_shapes.py:4449] [1/3] q1 is not in var_ranges, defaulting to unknown range.
W0822 19:23:15.138000 133338215749184 torch/fx/experimental/symbolic_shapes.py:4449] [1/3] q0 is not in var_ranges, defaulting to unknown range.
W0822 19:23:15.139000 133338215749184 torch/fx/experimental/symbolic_shapes.py:4449] [1/3] q2 is not in var_ranges, defaulting to unknown range.
W0822 19:23:15.146000 133338215749184 torch/fx/experimental/symbolic_shapes.py:4449] [1/3] q1 is not in var_ranges, defaulting to unknown range.
W0822 19:23:15.146000 133338215749184 torch/fx/experimental/symbolic_shapes.py:4449] [1/3] q0 is not in var_ranges, defaulting to unknown range.
W0822 19:23:15.146000 133338215749184 torch/fx/experimental/symbolic_shapes.py:4449] [1/3] q2 is not in var_ranges, defaulting to unknown range.
    sleep@7504 armC lane6 [479946,480011) of span[479946,480011] pay 2.000  chunks 1  loss 1.7802
