19:41:26 [scan8] boot SCAN sha=a5df4a3 gpu=NVIDIA GeForce RTX 4090, 24564 MiB vol=2190893G 427942G order=pfc_first lives=32 T=64 d=512 L=8 opts={"n_council":2,"slot_every":1,"write_every":1,"compile_council":true,"compile_read":true,"store_exact":true,"reward_slot":true,"dopamine":1.0,"bg_w":0.05} clocks=3:1,4:8,5:64,6:512,7:4096,8:32768 prec=bf16
19:41:36 [scan8] inventory: flash_epi=ok flash_eval_epi=ok mini_epi=ok mini_eval_epi=ok tar=24G parquets=19 judge=ok
19:41:44 [scan8] copyable train: COPYABLE {"shard": "/workspace/v10/scan_epi_l32", "lives": 32, "life_len": 6250000, "tokens_per_lane_measured": 200000, "lane0_k4_w256": {"copy_correct": 0.0502, "context_seen": 0.0785}, "lane0_k4_w4096": {"copy_correct": 0.1523, "context_seen": 0.2146}, "lane0_k8_w65536": {"copy_correct": 0.1195, "context_seen": 0.143}, "lane1_
19:41:51 [scan8] copyable eval: COPYABLE {"shard": "/workspace/v10/mini_eval_epi", "lives": 2, "life_len": 10000000, "tokens_per_lane_measured": 200000, "lane0_k4_w256": {"copy_correct": 0.145, "context_seen": 0.1926}, "lane0_k4_w4096": {"copy_correct": 0.2444, "context_seen": 0.3234}, "lane0_k8_w65536": {"copy_correct": 0.1814, "context_seen": 0.2208}, "lane1
19:42:59 [scan8] smoke SCANSMOKE {"lanes": 32, "T": 64, "order": "pfc_first", "tok_s": 1348, "holds": 12.8, "lam": 0.01953, "ce": [9.949, 6.154], "peak_gib": 11.6, "params_m": 67.0}
19:43:05 [scan8] run started pid 1292 lam 0.01953: 
19:45:11 [scan8] 2 min:     timing ms/step: bwd=321 fwd=134 opt=8 loss_events=1 prophet=1 sweep=0 detach=0 data=0  total=467  gc2=18 gc1=588 objs=240387
19:47:56 [scan8] boot SCAN sha=c7f7bac gpu=NVIDIA GeForce RTX 4090, 24564 MiB vol=2190893G 428250G order=pfc_first lives=32 T=64 d=512 L=8 opts={"n_council":2,"slot_every":1,"write_every":1,"compile_council":true,"compile_read":true,"store_exact":true,"reward_slot":true,"dopamine":1.0,"bg_w":0.05} clocks=3:1,4:8,5:64,6:512,7:4096,8:32768 prec=bf16
19:48:07 [scan8] inventory: flash_epi=ok flash_eval_epi=ok mini_epi=ok mini_eval_epi=ok tar=24G parquets=19 judge=ok
19:48:15 [scan8] copyable train: COPYABLE {"shard": "/workspace/v10/scan_epi_l32", "lives": 32, "life_len": 6250000, "tokens_per_lane_measured": 200000, "lane0_k4_w256": {"copy_correct": 0.0502, "context_seen": 0.0785}, "lane0_k4_w4096": {"copy_correct": 0.1523, "context_seen": 0.2146}, "lane0_k8_w65536": {"copy_correct": 0.1195, "context_seen": 0.143}, "lane1_
19:48:22 [scan8] copyable eval: COPYABLE {"shard": "/workspace/v10/mini_eval_epi", "lives": 2, "life_len": 10000000, "tokens_per_lane_measured": 200000, "lane0_k4_w256": {"copy_correct": 0.145, "context_seen": 0.1926}, "lane0_k4_w4096": {"copy_correct": 0.2444, "context_seen": 0.3234}, "lane0_k8_w65536": {"copy_correct": 0.1814, "context_seen": 0.2208}, "lane1
19:49:30 [scan8] smoke SCANSMOKE {"lanes": 32, "T": 64, "order": "pfc_first", "tok_s": 1367, "holds": 12.8, "lam": 0.01953, "ce": [9.949, 6.149], "peak_gib": 11.6, "params_m": 67.0}
19:49:41 [scan8] run started pid 1302 lam 0.01953: 
19:51:52 [scan8] 2 min:     timing ms/step: bwd=320 fwd=132 opt=8 loss_events=1 prophet=1 sweep=0 detach=0 data=0  total=463  gc2=18 gc1=588 objs=240405
20:07:00 [scan8] inflight step  2000  ce 3.594  loss 3.689  holds 31872  4,046 tok/s (now 4,117)  [fid:3=+0.461 fid:4=+0.018 fid:5=+0.032 fid:6=+0 | hb: 
20:22:08 [scan8] inflight step  3800  ce 3.023  loss 3.761  holds 60672  4,042 tok/s (now 3,987)  [fid:3=+0.514 fid:4=+0.030 fid:5=+0.086 fid:6=+0 | hb: 
20:37:14 [scan8] inflight step  5600  ce 3.035  loss 3.122  holds 89472  4,041 tok/s (now 4,074)  [fid:3=+0.528 fid:4=+0.042 fid:5=+0.122 fid:6=+0 | hb: 
20:52:23 [scan8] inflight step  6100  ce 3.246  loss 3.328  holds 1536  4,230 tok/s (now 4,230)  [fid:3=+0.532 fid:4=+0.031 fid:5=+0.194 fid:6=+0. | hb: {"step": 6000, "tokens": 12288000, "rows": [{"probe": "ce_recall", "ce": 4.4738, "recall": {"in-ctx": {"acc": 0.295, "n": 1451}, "short": {"acc": 0.254, "n": 1792}, "b3": {"acc": null, "n": 0}, "b4": 
21:07:29 [scan8] inflight step  7500  ce 2.932  loss 3.010  holds 23936  3,989 tok/s (now 4,233)  [fid:3=+0.539 fid:4=+0.068 fid:5=+0.202 fid:6=+0 | hb: {"step": 6000, "tokens": 12288000, "rows": [{"probe": "ce_recall", "ce": 4.4738, "recall": {"in-ctx": {"acc": 0.295, "n": 1451}, "short": {"acc": 0.254, "n": 1792}, "b3": {"acc": null, "n": 0}, "b4": 
21:22:38 [scan8] inflight step  7500  ce 2.932  loss 3.010  holds 23936  3,989 tok/s (now 4,233)  [fid:3=+0.539 fid:4=+0.068 fid:5=+0.202 fid:6=+0 | hb: {"step": 6000, "tokens": 12288000, "rows": [{"probe": "ce_recall", "ce": 4.4738, "recall": {"in-ctx": {"acc": 0.295, "n": 1451}, "short": {"acc": 0.254, "n": 1792}, "b3": {"acc": null, "n": 0}, "b4": 
21:37:44 [scan8] inflight resumed /workspace/v10_scan_out_scan8/scan.pt at step 7500 (ema keys: ['fid:3', 'fid:4', 'fid:5', 'fid:6', 'fid:7', 'fid | hb: {"step": 7500, "tokens": 15360000, "rows": [{"probe": "ce_recall", "ce": 4.3627, "recall": {"in-ctx": {"acc": 0.403, "n": 1451}, "short": {"acc": 0.277, "n": 1792}, "b3": {"acc": null, "n": 0}, "b4": 
21:37:50 [scan8] run ENDED rc=1 rows=2 segs=2 tail: RuntimeError: Expected a 'cuda' device type for generator but found 'cpu'
21:37:56 [scan8] self-removing in 60s
