    "b6": null
   }
  },
  {
   "probe": "lesion_base",
   "ce": 4.5744,
   "recall": {
    "in-ctx": 0.416,
    "short": 0.273,
    "b3": null,
    "b4": 0.179,
    "b5": null,
    "b6": null
   }
  }
 ],
 "verdict": "ok",
 "why": []
}
resumed /workspace/v10_scan_out_scan8/scan.pt at step 7500 (ema keys: ['fid:3', 'fid:4', 'fid:5', 'fid:6', 'fid:7', 'fid:8', 'fid:bg', 'fid:val', 'recall:b0', 'recall:b1', 'recall:b2'])
W0822 21:33:41.048000 132285172131392 torch/fx/experimental/symbolic_shapes.py:4449] [0/3] d0 is not in var_ranges, defaulting to unknown range.
W0822 21:33:41.049000 132285172131392 torch/fx/experimental/symbolic_shapes.py:4449] [0/3] d2 is not in var_ranges, defaulting to unknown range.
W0822 21:33:41.051000 132285172131392 torch/fx/experimental/symbolic_shapes.py:4449] [0/3] d0 is not in var_ranges, defaulting to unknown range.
W0822 21:33:41.051000 132285172131392 torch/fx/experimental/symbolic_shapes.py:4449] [0/3] d2 is not in var_ranges, defaulting to unknown range.
W0822 21:33:41.052000 132285172131392 torch/fx/experimental/symbolic_shapes.py:4449] [0/3] d1 is not in var_ranges, defaulting to unknown range.
W0822 21:33:41.063000 132285172131392 torch/fx/experimental/symbolic_shapes.py:4449] [0/3] d0 is not in var_ranges, defaulting to unknown range.
W0822 21:33:41.063000 132285172131392 torch/fx/experimental/symbolic_shapes.py:4449] [0/3] d2 is not in var_ranges, defaulting to unknown range.
W0822 21:33:41.066000 132285172131392 torch/fx/experimental/symbolic_shapes.py:4449] [0/3] d0 is not in var_ranges, defaulting to unknown range.
W0822 21:33:41.066000 132285172131392 torch/fx/experimental/symbolic_shapes.py:4449] [0/3] d2 is not in var_ranges, defaulting to unknown range.
W0822 21:33:41.066000 132285172131392 torch/fx/experimental/symbolic_shapes.py:4449] [0/3] d1 is not in var_ranges, defaulting to unknown range.
W0822 21:33:41.187000 132285172131392 torch/fx/experimental/symbolic_shapes.py:4449] [0/3] q0 is not in var_ranges, defaulting to unknown range.
W0822 21:33:41.187000 132285172131392 torch/fx/experimental/symbolic_shapes.py:4449] [0/3] q2 is not in var_ranges, defaulting to unknown range.
W0822 21:33:41.191000 132285172131392 torch/fx/experimental/symbolic_shapes.py:4449] [0/3] q0 is not in var_ranges, defaulting to unknown range.
W0822 21:33:41.191000 132285172131392 torch/fx/experimental/symbolic_shapes.py:4449] [0/3] q2 is not in var_ranges, defaulting to unknown range.
W0822 21:33:41.191000 132285172131392 torch/fx/experimental/symbolic_shapes.py:4449] [0/3] q1 is not in var_ranges, defaulting to unknown range.
W0822 21:33:41.205000 132285172131392 torch/fx/experimental/symbolic_shapes.py:4449] [0/3] z0 is not in var_ranges, defaulting to unknown range.
W0822 21:33:41.206000 132285172131392 torch/fx/experimental/symbolic_shapes.py:4449] [0/3] z1 is not in var_ranges, defaulting to unknown range.
W0822 21:33:41.206000 132285172131392 torch/fx/experimental/symbolic_shapes.py:4449] [0/3] z2 is not in var_ranges, defaulting to unknown range.
W0822 21:33:41.343000 132285172131392 torch/fx/experimental/symbolic_shapes.py:4449] [0/3] x0 is not in var_ranges, defaulting to unknown range.
W0822 21:33:41.343000 132285172131392 torch/fx/experimental/symbolic_shapes.py:4449] [0/3] x1 is not in var_ranges, defaulting to unknown range.
W0822 21:33:41.343000 132285172131392 torch/fx/experimental/symbolic_shapes.py:4449] [0/3] r2 is not in var_ranges, defaulting to unknown range.
    sleep@7504 armC lane6 [479946,480011) of span[479946,480011] pay 2.000  chunks 1  loss 1.7518
    sleep@7520 armC lane23 [481044,481109) of span[481044,481109] pay 1.000  chunks 1  loss 3.9926
    sleep@7536 armC lane27 [481651,481716) of span[481651,481716] pay 1.000  chunks 1  loss 0.9515
    sleep@7552 armC lane25 [480755,480820) of span[480755,480820] pay 2.000  chunks 1  loss 0.7961
Traceback (most recent call last):
  File "/workspace/w-v10prep/Vision/scripts/v10_driver.py", line 357, in <module>
    main()
  File "/workspace/w-v10prep/Vision/scripts/v10_driver.py", line 264, in main
    model, drive, vocab, ce0, ce1 = train(
                                    ^^^^^^
  File "/workspace/w-v10prep/Vision/iga/lm_train.py", line 607, in train
    dream_block(
  File "/workspace/w-v10prep/Vision/iga/lm_dream.py", line 118, in dream_block
    conts = _generate(model, seed_ids, n, tau, max_new,
            ^^^^^^^^^^^^^^^^^^^^^^^^^^^^^^^^^^^^^^^^^^^
  File "/workspace/w-v10prep/Vision/iga/lm_dream.py", line 63, in _generate
    nxt = int(torch.multinomial(probs, 1, generator=gen))
              ^^^^^^^^^^^^^^^^^^^^^^^^^^^^^^^^^^^^^^^^^^
RuntimeError: Expected a 'cuda' device type for generator but found 'cpu'
