W0822 12:38:29.137000 124609441556032 torch/fx/experimental/symbolic_shapes.py:4449] [0/9] d0 is not in var_ranges, defaulting to unknown range.
W0822 12:38:29.157000 124609441556032 torch/fx/experimental/symbolic_shapes.py:4449] [0/9] d2 is not in var_ranges, defaulting to unknown range.
W0822 12:38:29.157000 124609441556032 torch/fx/experimental/symbolic_shapes.py:4449] [0/9] d0 is not in var_ranges, defaulting to unknown range.
W0822 12:38:29.165000 124609441556032 torch/fx/experimental/symbolic_shapes.py:4449] [0/9] d2 is not in var_ranges, defaulting to unknown range.
W0822 12:38:29.166000 124609441556032 torch/fx/experimental/symbolic_shapes.py:4449] [0/9] d1 is not in var_ranges, defaulting to unknown range.
W0822 12:38:29.166000 124609441556032 torch/fx/experimental/symbolic_shapes.py:4449] [0/9] d0 is not in var_ranges, defaulting to unknown range.
W0822 12:38:29.432000 124609441556032 torch/fx/experimental/symbolic_shapes.py:4449] [0/9] q2 is not in var_ranges, defaulting to unknown range.
W0822 12:38:29.432000 124609441556032 torch/fx/experimental/symbolic_shapes.py:4449] [0/9] q0 is not in var_ranges, defaulting to unknown range.
W0822 12:38:29.441000 124609441556032 torch/fx/experimental/symbolic_shapes.py:4449] [0/9] q2 is not in var_ranges, defaulting to unknown range.
W0822 12:38:29.441000 124609441556032 torch/fx/experimental/symbolic_shapes.py:4449] [0/9] q0 is not in var_ranges, defaulting to unknown range.
W0822 12:38:29.441000 124609441556032 torch/fx/experimental/symbolic_shapes.py:4449] [0/9] q1 is not in var_ranges, defaulting to unknown range.
W0822 12:38:29.473000 124609441556032 torch/fx/experimental/symbolic_shapes.py:4449] [0/9] z2 is not in var_ranges, defaulting to unknown range.
W0822 12:38:29.473000 124609441556032 torch/fx/experimental/symbolic_shapes.py:4449] [0/9] z0 is not in var_ranges, defaulting to unknown range.
W0822 12:38:29.473000 124609441556032 torch/fx/experimental/symbolic_shapes.py:4449] [0/9] z1 is not in var_ranges, defaulting to unknown range.
W0822 12:38:29.781000 124609441556032 torch/fx/experimental/symbolic_shapes.py:4449] [0/9] x0 is not in var_ranges, defaulting to unknown range.
W0822 12:38:29.782000 124609441556032 torch/fx/experimental/symbolic_shapes.py:4449] [0/9] x1 is not in var_ranges, defaulting to unknown range.
W0822 12:38:29.782000 124609441556032 torch/fx/experimental/symbolic_shapes.py:4449] [0/9] r2 is not in var_ranges, defaulting to unknown range.
    sleep@18016 armC lane3 [1152708,1152773) of span[1152708,1152773] pay 2.000  chunks 1  loss 0.7867
    sleep@18032 armC lane20 [1153370,1153435) of span[1153370,1153435] pay 2.000  chunks 1  loss 0.8920
    sleep@18048 armC lane22 [1152355,1152420) of span[1152355,1152420] pay 2.000  chunks 1  loss 1.6757
    sleep@18064 armC lane20 [1153370,1153435) of span[1153370,1153435] pay 2.000  chunks 1  loss 0.5507
    sleep@18080 armC lane23 [1154251,1154316) of span[1154251,1154316] pay 1.000  chunks 1  loss 1.2660
    sleep@18096 armC pair[1152886|1152900] targets [7, 13]  margin -0.1540  loss 0.7731
step 18100  ce 2.865  loss 3.547  holds 1536  2,712 tok/s (now 2,712)  [fid:3=+0.515 fid:4=+0.018 fid:5=+0.029 fid:6=+0.028 fid:7=+0.020 fid:8=+0.003 b0=+0.035 b1=+0.018 b2=+0.017 b3=+0.015]
    timing ms/step: bwd=418 fwd=248 opt=14 prophet=2 loss_events=2 sweep=1 detach=1 data=0  total=687  gc2=3215 gc1=163543 objs=72470
    sleep@18112 armC lane28 [1153315,1153380) of span[1153315,1153380] pay 1.000  chunks 1  loss 2.8804
    sleep@18128 armC lane21 [1156543,1156608) of span[1156543,1156608] pay 2.000  chunks 1  loss 0.7075
    sleep@18144 armC lane18 [1155975,1156040) of span[1155975,1156040] pay 1.000  chunks 1  loss 1.4095
    sleep@18160 armC lane2 [1158457,1158522) of span[1158457,1158522] pay 2.000  chunks 1  loss 4.3297
    sleep@18176 armC lane0 [1156616,1156681) of span[1156616,1156681] pay 1.000  chunks 1  loss 3.1864
    sleep@18192 armC lane11 [1159961,1160026) of span[1159961,1160026] pay 2.000  chunks 1  loss 2.0717
step 18200  ce 3.133  loss 3.879  holds 3072  2,782 tok/s (now 2,855)  [fid:3=+0.515 fid:4=+0.016 fid:5=+0.026 fid:6=+0.028 fid:7=+0.020 fid:8=+0.003 b0=+0.036 b1=+0.025 b2=+0.015 b3=+0.013]
    timing ms/step: bwd=418 fwd=234 opt=14 detach=3 prophet=2 loss_events=2 sweep=1 data=0  total=675  gc2=3217 gc1=163634 objs=75913
    sleep@18208 armC pair[1162930|1162944] targets [7, 13]  margin -0.0768  loss 0.7323
    sleep@18224 armC pair[1163274|1163286] targets [9, 11]  margin -0.5089  loss 0.9796
    sleep@18240 armC lane27 [1162633,1162698) of span[1162633,1162698] pay 1.000  chunks 1  loss 3.0053
    sleep@18256 armC lane9 [1154305,1154370) of span[1154305,1154370] pay 2.000  chunks 1  loss 2.0230
    sleep@18272 armC lane9 [1153467,1153532) of span[1153467,1153532] pay 1.000  chunks 1  loss 2.9615
    sleep@18288 armC lane23 [1159682,1159747) of span[1159682,1159747] pay 2.000  chunks 1  loss 0.8843
step 18300  ce 2.919  loss 3.006  holds 4736  2,787 tok/s (now 2,798)  [fid:3=+0.513 fid:4=+0.017 fid:5=+0.028 fid:6=+0.026 fid:7=+0.019 fid:8=+0.003 b0=+0.032 b1=+0.032 b2=+0.025 b3=+0.014]
    timing ms/step: bwd=421 fwd=236 opt=14 detach=4 prophet=3 loss_events=2 sweep=2 data=0  total=682  gc2=3219 gc1=163735 objs=78774
    sleep@18304 armC lane17 [1165712,1165777) of span[1165712,1165777] pay 2.000  chunks 1  loss 1.4932
    sleep@18320 armC lane3 [1160056,1160121) of span[1160056,1160121] pay 1.000  chunks 1  loss 4.0558
    sleep@18336 armC lane19 [1157467,1157532) of span[1157467,1157532] pay 2.000  chunks 1  loss 3.0865
    sleep@18352 armC lane0 [1160209,1160274) of span[1160209,1160274] pay 2.000  chunks 1  loss 1.7909
    sleep@18368 armC lane23 [1154251,1154316) of span[1154251,1154316] pay 1.000  chunks 1  loss 0.9681
    sleep@18384 armC lane3 [1157794,1157859) of span[1157794,1157859] pay 2.000  chunks 1  loss 2.9418
    sleep@18400 armC lane11 [1159961,1160026) of span[1159961,1160026] pay 2.000  chunks 1  loss 1.5611
step 18400  ce 2.907  loss 3.598  holds 6272  2,801 tok/s (now 2,842)  [fid:3=+0.515 fid:4=+0.017 fid:5=+0.028 fid:6=+0.026 fid:7=+0.019 fid:8=+0.003 b0=+0.045 b1=+0.037 b2=+0.023 b3=+0.015]
    timing ms/step: bwd=414 fwd=234 opt=14 detach=6 prophet=2 loss_events=2 sweep=2 data=0  total=675  gc2=3221 gc1=163840 objs=81606
    sleep@18416 armC lane11 [1167779,1167844) of span[1167779,1167844] pay 2.000  chunks 1  loss 1.5959
    sleep@18432 armC lane17 [1172030,1172095) of span[1172030,1172095] pay 2.000  chunks 1  loss 3.2535
    sleep@18448 armC lane30 [1153633,1153698) of span[1153633,1153698] pay 1.000  chunks 1  loss 1.6646
    sleep@18464 armC lane11 [1161488,1161553) of span[1161488,1161553] pay 2.000  chunks 1  loss 1.4965
    sleep@18480 armC lane27 [1181552,1181617) of span[1181552,1181617] pay 1.000  chunks 1  loss 2.5430
    sleep@18496 armC lane29 [1155570,1155635) of span[1155570,1155635] pay 1.000  chunks 1  loss 3.4422
step 18500  ce 2.776  loss 3.443  holds 7936  2,802 tok/s (now 2,810)  [fid:3=+0.515 fid:4=+0.018 fid:5=+0.029 fid:6=+0.026 fid:7=+0.019 fid:8=+0.003 b0=+0.044 b1=+0.031 b2=+0.015 b3=+0.012]
    timing ms/step: bwd=421 fwd=238 opt=14 detach=7 prophet=3 loss_events=2 sweep=2 data=0  total=687  gc2=3223 gc1=163959 objs=85042
    sleep@18512 armC lane17 [1172030,1172095) of span[1172030,1172095] pay 2.000  chunks 1  loss 2.3412
    sleep@18528 armC lane5 [1159626,1159691) of span[1159626,1159691] pay 2.000  chunks 1  loss 3.1270
