step     1  ce 9.298  loss 9.336  holds    0  4,859 tok/s (now 4,859)  []
    sleep@32 armC lane0 [4064,4321) of span[4064,4321] pay 2.000  chunks 1  loss 8.6085
    sleep@48 armC lane3 [11497,11754) of span[11497,11754] pay 2.000  chunks 1  loss 2.2861
    sleep@64 armC lane3 [14968,15225) of span[14968,15225] pay 2.000  chunks 1  loss 2.8977
    sleep@80 armC lane3 [13936,14193) of span[13936,14193] pay 2.000  chunks 1  loss 1.8394
    sleep@96 armC lane2 [17968,18225) of span[17968,18225] pay 2.000  chunks 1  loss 1.7345
    sleep@112 armC lane2 [19747,20004) of span[19747,20004] pay 1.000  chunks 1  loss 0.4129
    sleep@128 armC lane1 [25302,25559) of span[25302,25559] pay 2.000  chunks 1  loss 0.7880
    sleep@144 armC lane1 [30289,30546) of span[30289,30546] pay 2.000  chunks 1  loss 0.7463
    sleep@160 armC lane3 [14600,14857) of span[14600,14857] pay 2.000  chunks 1  loss 0.5044
    sleep@176 armC lane1 [12025,12282) of span[12025,12282] pay 2.000  chunks 1  loss 0.1977
    sleep@192 armC lane0 [45041,45298) of span[45041,45298] pay 1.000  chunks 1  loss 0.7136
    sleep@208 armC lane3 [31548,31805) of span[31548,31805] pay 2.000  chunks 1  loss 0.6720
    sleep@224 armC lane3 [47718,47975) of span[47718,47975] pay 2.000  chunks 1  loss 0.6886
    sleep@240 armC lane0 [4064,4321) of span[4064,4321] pay 2.000  chunks 1  loss 7.1874
    sleep@256 armC lane0 [41894,42151) of span[41894,42151] pay 1.000  chunks 1  loss 0.5667
    sleep@272 armC lane1 [56532,56789) of span[56532,56789] pay 2.000  chunks 1  loss 0.6978
    sleep@288 armC lane3 [27787,28044) of span[27787,28044] pay 1.000  chunks 1  loss 0.5987
    sleep@304 armC lane1 [74200,74457) of span[74200,74457] pay 2.000  chunks 1  loss 1.2159
    sleep@320 armC lane3 [75605,75862) of span[75605,75862] pay 2.000  chunks 1  loss 0.4396
    sleep@336 armC lane3 [14843,15100) of span[14843,15100] pay 2.000  chunks 1  loss 0.4665
    sleep@352 armC lane3 [14195,14452) of span[14195,14452] pay 2.000  chunks 1  loss 1.0646
    sleep@368 armC lane2 [58538,58795) of span[58538,58795] pay 2.000  chunks 1  loss 0.4063
    sleep@384 armC lane1 [92230,92487) of span[92230,92487] pay 2.000  chunks 1  loss 0.4934
    sleep@400 armC lane0 [49894,50151) of span[49894,50151] pay 2.000  chunks 1  loss 1.1036
    sleep@416 armC lane2 [38120,38377) of span[38120,38377] pay 2.000  chunks 1  loss 0.9750
    sleep@432 armC lane0 [57816,58073) of span[57816,58073] pay 2.000  chunks 1  loss 0.9108
    sleep@448 armC lane0 [16065,16322) of span[16065,16322] pay 1.000  chunks 1  loss 5.6898
    sleep@464 armC lane2 [42481,42738) of span[42481,42738] pay 2.000  chunks 1  loss 0.6604
    sleep@480 armC lane3 [62557,62814) of span[62557,62814] pay 2.000  chunks 1  loss 0.8799
    sleep@496 armC lane3 [70752,71009) of span[70752,71009] pay 2.000  chunks 1  loss 0.3592
    sleep@512 armC lane2 [45201,45458) of span[45201,45458] pay 2.000  chunks 1  loss 0.4391
    sleep@528 armC lane1 [45709,45966) of span[45709,45966] pay 2.000  chunks 1  loss 0.2343
    sleep@544 armC lane0 [45379,45636) of span[45379,45636] pay 2.000  chunks 1  loss 1.1803
    sleep@560 armC lane3 [73607,73864) of span[73607,73864] pay 1.000  chunks 1  loss 0.3894
    sleep@576 armC lane0 [56296,56553) of span[56296,56553] pay 2.000  chunks 1  loss 0.6330
    sleep@592 armC lane2 [16433,16690) of span[16433,16690] pay 2.000  chunks 1  loss 0.7120
    sleep@608 armC lane3 [131760,132017) of span[131760,132017] pay 2.000  chunks 1  loss 0.5879
    sleep@624 armC lane1 [99743,100000) of span[99743,100000] pay 2.000  chunks 1  loss 0.5494
    sleep@640 armC lane0 [112156,112413) of span[112156,112413] pay 2.000  chunks 1  loss 0.4578
    sleep@656 armC lane3 [56411,56668) of span[56411,56668] pay 2.000  chunks 1  loss 0.6478
    sleep@672 armC lane0 [170783,171040) of span[170783,171040] pay 1.000  chunks 1  loss 0.4325
    sleep@688 armC lane0 [156525,156782) of span[156525,156782] pay 2.000  chunks 1  loss 0.3992
    sleep@704 armC lane3 [56411,56668) of span[56411,56668] pay 2.000  chunks 1  loss 0.5243
    sleep@720 armC lane2 [89877,90134) of span[89877,90134] pay 2.000  chunks 1  loss 0.2936
    sleep@736 armC lane0 [149231,149488) of span[149231,149488] pay 2.000  chunks 1  loss 0.1783
    sleep@752 armC lane1 [154029,154286) of span[154029,154286] pay 2.000  chunks 1  loss 0.3882
    sleep@768 armC lane0 [187176,187433) of span[187176,187433] pay 2.000  chunks 1  loss 0.3162
    sleep@784 armC lane1 [119790,120047) of span[119790,120047] pay 2.000  chunks 1  loss 0.5664
    sleep@800 armC lane0 [180780,181037) of span[180780,181037] pay 2.000  chunks 1  loss 0.2073
    sleep@816 armC lane2 [162115,162372) of span[162115,162372] pay 1.000  chunks 1  loss 0.2701
    sleep@832 armC lane2 [113569,113826) of span[113569,113826] pay 1.000  chunks 1  loss 0.5840
    sleep@848 armC lane3 [158904,159161) of span[158904,159161] pay 1.000  chunks 1  loss 0.5638
    sleep@864 armC lane1 [202909,203166) of span[202909,203166] pay 2.000  chunks 1  loss 0.2100
    sleep@880 armC lane1 [201009,201266) of span[201009,201266] pay 1.000  chunks 1  loss 0.2258
    sleep@896 armC lane1 [157492,157749) of span[157492,157749] pay 2.000  chunks 1  loss 0.4629
    sleep@912 armC lane1 [173378,173635) of span[173378,173635] pay 2.000  chunks 1  loss 0.3868
    sleep@928 armC lane1 [101828,102085) of span[101828,102085] pay 2.000  chunks 1  loss 0.2881
    sleep@944 armC lane3 [133389,133646) of span[133389,133646] pay 2.000  chunks 1  loss 0.6218
    sleep@960 armC lane3 [213829,214086) of span[213829,214086] pay 2.000  chunks 1  loss 0.5396
    sleep@976 armC lane2 [166447,166704) of span[166447,166704] pay 2.000  chunks 1  loss 0.6054
    sleep@992 armC lane1 [137583,137840) of span[137583,137840] pay 2.000  chunks 1  loss 0.3247
    sleep@1008 armC lane1 [191074,191331) of span[191074,191331] pay 2.000  chunks 1  loss 0.7758
    sleep@1024 armC lane1 [220118,220375) of span[220118,220375] pay 2.000  chunks 1  loss 0.2193
    sleep@1040 armC lane1 [219815,220072) of span[219815,220072] pay 1.000  chunks 1  loss 0.4821
    sleep@1056 armC lane1 [180997,181254) of span[180997,181254] pay 1.000  chunks 1  loss 0.1697
    sleep@1072 armC lane0 [192009,192266) of span[192009,192266] pay 2.000  chunks 1  loss 0.5423
    sleep@1088 armC lane1 [207064,207321) of span[207064,207321] pay 2.000  chunks 1  loss 0.4086
    sleep@1104 armC lane0 [251320,251577) of span[251320,251577] pay 1.000  chunks 1  loss 0.3217
    sleep@1120 armC lane0 [216090,216347) of span[216090,216347] pay 2.000  chunks 1  loss 0.2835
    sleep@1136 armC lane0 [201830,202087) of span[201830,202087] pay 1.000  chunks 1  loss 0.2577
    sleep@1152 armC lane0 [218624,218881) of span[218624,218881] pay 1.000  chunks 1  loss 0.1738
    sleep@1168 armC lane0 [163299,163556) of span[163299,163556] pay 2.000  chunks 1  loss 0.2319
    sleep@1184 armC lane3 [169288,169545) of span[169288,169545] pay 1.000  chunks 1  loss 0.5300
    sleep@1200 armC lane3 [260108,260365) of span[260108,260365] pay 2.000  chunks 1  loss 0.3097
    sleep@1216 armC lane0 [309879,310136) of span[309879,310136] pay 2.000  chunks 1  loss 0.2783
    sleep@1232 armC lane3 [255917,256174) of span[255917,256174] pay 2.000  chunks 1  loss 0.2756
    sleep@1248 armC lane0 [235826,236083) of span[235826,236083] pay 1.000  chunks 1  loss 0.3772
    sleep@1264 armC lane2 [205390,205647) of span[205390,205647] pay 1.000  chunks 1  loss 0.3332
    sleep@1280 armC lane1 [256502,256759) of span[256502,256759] pay 2.000  chunks 1  loss 0.3188
    sleep@1296 armC lane0 [328486,328743) of span[328486,328743] pay 1.000  chunks 1  loss 0.1761
    sleep@1312 armC lane0 [306272,306529) of span[306272,306529] pay 1.000  chunks 1  loss 0.2520
    sleep@1328 armC lane1 [277199,277456) of span[277199,277456] pay 2.000  chunks 1  loss 0.4944
    sleep@1344 armC lane2 [326460,326717) of span[326460,326717] pay 2.000  chunks 1  loss 0.5602
    sleep@1360 armC lane0 [243040,243297) of span[243040,243297] pay 2.000  chunks 1  loss 0.5634
    sleep@1376 armC lane0 [285622,285879) of span[285622,285879] pay 2.000  chunks 1  loss 0.2514
    sleep@1392 armC lane1 [346370,346627) of span[346370,346627] pay 2.000  chunks 1  loss 0.5069
    sleep@1408 armC lane1 [303949,304206) of span[303949,304206] pay 2.000  chunks 1  loss 0.1901
    sleep@1424 armC lane1 [289725,289982) of span[289725,289982] pay 2.000  chunks 1  loss 0.0670
    sleep@1440 armC lane0 [263170,263427) of span[263170,263427] pay 2.000  chunks 1  loss 0.2541
    sleep@1456 armC lane0 [312468,312725) of span[312468,312725] pay 2.000  chunks 1  loss 0.4746
    sleep@1472 armC lane1 [372510,372767) of span[372510,372767] pay 2.000  chunks 1  loss 0.4158
    sleep@1488 armC lane1 [242232,242489) of span[242232,242489] pay 2.000  chunks 1  loss 0.4571
    sleep@1504 armC lane0 [362442,362699) of span[362442,362699] pay 2.000  chunks 1  loss 0.4172
    sleep@1520 armC lane0 [374664,374921) of span[374664,374921] pay 2.000  chunks 1  loss 0.3823
    sleep@1536 armC lane1 [370649,370906) of span[370649,370906] pay 2.000  chunks 1  loss 0.7496
    sleep@1552 armC lane1 [337663,337920) of span[337663,337920] pay 2.000  chunks 1  loss 1.0005
    sleep@1568 armC lane1 [270284,270541) of span[270284,270541] pay 2.000  chunks 1  loss 0.6714
    sleep@1584 armC lane2 [345092,345349) of span[345092,345349] pay 2.000  chunks 1  loss 0.4729
    sleep@1600 armC lane0 [339249,339506) of span[339249,339506] pay 2.000  chunks 1  loss 0.4719
    sleep@1616 armC lane1 [323393,323650) of span[323393,323650] pay 2.000  chunks 1  loss 0.5755
    sleep@1632 armC lane0 [349206,349463) of span[349206,349463] pay 2.000  chunks 1  loss 0.6971
    sleep@1648 armC lane3 [365452,365709) of span[365452,365709] pay 2.000  chunks 1  loss 0.7235
    sleep@1664 armC lane1 [291450,291707) of span[291450,291707] pay 2.000  chunks 1  loss 0.5234
    sleep@1680 armC lane2 [313263,313520) of span[313263,313520] pay 2.000  chunks 1  loss 0.7642
    sleep@1696 armC lane3 [403746,404003) of span[403746,404003] pay 2.000  chunks 1  loss 5.7226
    sleep@1712 armC lane3 [395076,395333) of span[395076,395333] pay 2.000  chunks 1  loss 5.4551
    sleep@1728 armC lane2 [333468,333725) of span[333468,333725] pay 2.000  chunks 1  loss 0.5155
    sleep@1744 armC lane1 [382024,382281) of span[382024,382281] pay 2.000  chunks 1  loss 0.3916
    sleep@1760 armC lane1 [313166,313423) of span[313166,313423] pay 2.000  chunks 1  loss 0.4439
    sleep@1776 armC pair[435783|435794] targets [7, 10]  margin -1.3469  loss 1.5780
    sleep@1792 armC lane3 [333448,333705) of span[333448,333705] pay 2.000  chunks 1  loss 0.5359
    sleep@1808 armC lane0 [364915,365172) of span[364915,365172] pay 2.000  chunks 1  loss 0.2286
    sleep@1824 armC lane2 [344052,344309) of span[344052,344309] pay 1.000  chunks 1  loss 0.4388
    sleep@1840 armC lane2 [347469,347726) of span[347469,347726] pay 2.000  chunks 1  loss 0.5464
    sleep@1856 armC lane0 [420342,420599) of span[420342,420599] pay 2.000  chunks 1  loss 5.0130
    sleep@1872 armC lane0 [373419,373676) of span[373419,373676] pay 1.000  chunks 1  loss 0.2104
    sleep@1888 armC lane0 [346161,346418) of span[346161,346418] pay 2.000  chunks 1  loss 0.6010
    sleep@1904 armC lane3 [386140,386397) of span[386140,386397] pay 1.000  chunks 1  loss 5.5692
    sleep@1920 armC lane3 [365165,365422) of span[365165,365422] pay 1.000  chunks 1  loss 0.5246
    sleep@1936 armC lane2 [408807,409064) of span[408807,409064] pay 2.000  chunks 1  loss 4.8765
    sleep@1952 armC lane1 [429515,429772) of span[429515,429772] pay 2.000  chunks 1  loss 5.3568
    sleep@1968 armC lane3 [365714,365971) of span[365714,365971] pay 2.000  chunks 1  loss 0.3748
    sleep@1984 armC pair[397327|397339] targets [9, 11]  margin -0.5791  loss 1.0240
    sleep@2000 armC lane1 [382024,382281) of span[382024,382281] pay 2.000  chunks 1  loss 0.3461
    sleep@2016 armC lane3 [464035,464292) of span[464035,464292] pay 2.000  chunks 1  loss 4.2106
    sleep@2032 armC lane2 [405432,405689) of span[405432,405689] pay 1.000  chunks 1  loss 5.4411
    sleep@2048 armC lane0 [499994,500251) of span[499994,500251] pay 2.000  chunks 1  loss 5.2803
    sleep@2064 armC lane2 [418255,418512) of span[418255,418512] pay 2.000  chunks 1  loss 5.4942
    sleep@2080 armC lane0 [445556,445813) of span[445556,445813] pay 2.000  chunks 1  loss 4.6468
    sleep@2096 armC lane2 [441627,441884) of span[441627,441884] pay 2.000  chunks 1  loss 5.5940
    sleep@2112 armC lane0 [410084,410341) of span[410084,410341] pay 2.000  chunks 1  loss 4.7614
    sleep@2128 armC lane3 [540633,540890) of span[540633,540890] pay 2.000  chunks 1  loss 4.2249
    sleep@2144 armC lane3 [452348,452605) of span[452348,452605] pay 1.000  chunks 1  loss 5.0607
    sleep@2160 armC lane0 [456183,456440) of span[456183,456440] pay 1.000  chunks 1  loss 5.0175
    sleep@2176 armC lane3 [523192,523449) of span[523192,523449] pay 2.000  chunks 1  loss 5.1768
    sleep@2192 armC lane1 [457392,457649) of span[457392,457649] pay 2.000  chunks 1  loss 4.7651
    sleep@2208 armC pair[548714|548726] targets [7, 11]  margin -0.1374  loss 0.7642
    sleep@2224 armC pair[543113|543125] targets [7, 11]  margin -0.4978  loss 0.9727
    sleep@2240 armC lane3 [519629,519886) of span[519629,519886] pay 1.000  chunks 1  loss 4.4956
    sleep@2256 armC lane2 [560887,561144) of span[560887,561144] pay 2.000  chunks 1  loss 5.6011
    sleep@2272 armC lane2 [541869,542126) of span[541869,542126] pay 2.000  chunks 1  loss 4.9064
    sleep@2288 armC lane1 [506791,507048) of span[506791,507048] pay 1.000  chunks 1  loss 5.5307
    sleep@2304 armC lane1 [483063,483320) of span[483063,483320] pay 2.000  chunks 1  loss 4.8838
    sleep@2320 armC lane1 [520943,521200) of span[520943,521200] pay 2.000  chunks 1  loss 5.2852
    sleep@2336 armC lane0 [476572,476829) of span[476572,476829] pay 1.000  chunks 1  loss 4.6004
    sleep@2352 armC lane1 [511323,511580) of span[511323,511580] pay 2.000  chunks 1  loss 4.2071
    sleep@2368 armC lane0 [518118,518375) of span[518118,518375] pay 2.000  chunks 1  loss 3.8261
    sleep@2384 armC lane2 [596660,596917) of span[596660,596917] pay 1.000  chunks 1  loss 5.3029
    sleep@2400 armC pair[509591|509603] targets [8, 11]  margin -0.2378  loss 0.8191
    sleep@2416 armC lane0 [616601,616858) of span[616601,616858] pay 2.000  chunks 1  loss 5.3090
    sleep@2432 armC lane2 [530032,530289) of span[530032,530289] pay 1.000  chunks 1  loss 4.0802
    sleep@2448 armC lane1 [577923,578180) of span[577923,578180] pay 2.000  chunks 1  loss 5.0238
    sleep@2464 armC lane3 [619931,620188) of span[619931,620188] pay 2.000  chunks 1  loss 5.4417
    sleep@2480 armC lane2 [616838,617095) of span[616838,617095] pay 2.000  chunks 1  loss 5.0693
    sleep@2496 armC lane2 [564556,564813) of span[564556,564813] pay 1.000  chunks 1  loss 4.3251
    sleep@2512 armC lane0 [533739,533996) of span[533739,533996] pay 2.000  chunks 1  loss 5.3730
    sleep@2528 armC lane0 [518213,518470) of span[518213,518470] pay 2.000  chunks 1  loss 3.4720
    sleep@2544 armC lane1 [636952,637209) of span[636952,637209] pay 2.000  chunks 1  loss 3.6144
    sleep@2560 armC lane0 [618529,618786) of span[618529,618786] pay 2.000  chunks 1  loss 4.7483
    sleep@2576 armC lane1 [635966,636223) of span[635966,636223] pay 2.000  chunks 1  loss 3.8046
    sleep@2592 armC lane0 [569896,570153) of span[569896,570153] pay 2.000  chunks 1  loss 4.4501
    sleep@2608 armC lane2 [649035,649292) of span[649035,649292] pay 1.000  chunks 1  loss 4.2611
    sleep@2624 armC lane0 [665902,666159) of span[665902,666159] pay 1.000  chunks 1  loss 4.2940
    sleep@2640 armC lane0 [552581,552838) of span[552581,552838] pay 2.000  chunks 1  loss 4.3248
    sleep@2656 armC lane2 [554583,554840) of span[554583,554840] pay 1.000  chunks 1  loss 4.3548
    sleep@2672 armC pair[553456|553468] targets [9, 11]  margin 0.0126  loss 0.6869
    sleep@2688 armC lane0 [659594,659851) of span[659594,659851] pay 2.000  chunks 1  loss 4.5824
    sleep@2704 armC lane0 [598300,598557) of span[598300,598557] pay 1.000  chunks 1  loss 4.6302
    sleep@2720 armC lane0 [666683,666940) of span[666683,666940] pay 2.000  chunks 1  loss 3.7971
    sleep@2736 armC lane2 [640493,640750) of span[640493,640750] pay 2.000  chunks 1  loss 3.8142
    sleep@2752 armC lane3 [573921,574178) of span[573921,574178] pay 2.000  chunks 1  loss 4.4821
    sleep@2768 armC lane0 [690686,690943) of span[690686,690943] pay 1.000  chunks 1  loss 3.7520
    sleep@2784 armC lane0 [699842,700099) of span[699842,700099] pay 2.000  chunks 1  loss 4.3058
    sleep@2800 armC lane0 [614678,614935) of span[614678,614935] pay 1.000  chunks 1  loss 3.6773
    sleep@2816 armC lane1 [691752,692009) of span[691752,692009] pay 2.000  chunks 1  loss 3.7899
    sleep@2832 armC pair[679042|679057] targets [11, 14]  margin -0.0612  loss 0.7242
    sleep@2848 armC pair[606668|606679] targets [6, 10]  margin 0.1739  loss 0.6100
    sleep@2864 armC lane0 [599033,599290) of span[599033,599290] pay 1.000  chunks 1  loss 4.3640
    sleep@2880 armC lane2 [736158,736415) of span[736158,736415] pay 1.000  chunks 1  loss 4.3712
    sleep@2896 armC lane2 [617985,618242) of span[617985,618242] pay 2.000  chunks 1  loss 4.9650
    sleep@2912 armC lane3 [639969,640226) of span[639969,640226] pay 2.000  chunks 1  loss 4.5479
    sleep@2928 armC lane3 [625554,625811) of span[625554,625811] pay 2.000  chunks 1  loss 4.1317
    sleep@2944 armC lane1 [664912,665169) of span[664912,665169] pay 1.000  chunks 1  loss 4.6799
    sleep@2960 armC lane3 [743328,743585) of span[743328,743585] pay 1.000  chunks 1  loss 4.7077
    sleep@2976 armC lane1 [655858,656115) of span[655858,656115] pay 1.000  chunks 1  loss 4.4221
    sleep@2992 armC lane2 [640493,640750) of span[640493,640750] pay 2.000  chunks 1  loss 3.6543
step  3000  ce 4.722  loss 5.816  holds 2196  3,037 tok/s (now 3,036)  [fid:3=+0.947 fid:4=+0.159 fid:5=+0.046 b0=+0.011 b1=+0.017 b2=+0.019 b3=+0.010]
    sleep@3008 armC lane3 [635840,636097) of span[635840,636097] pay 2.000  chunks 1  loss 4.6671
    sleep@3024 armC pair[772401|772413] targets [9, 11]  margin -0.0789  loss 0.7334
    sleep@3040 armC lane0 [725350,725607) of span[725350,725607] pay 2.000  chunks 1  loss 3.6493
    sleep@3056 armC lane0 [681934,682191) of span[681934,682191] pay 1.000  chunks 1  loss 5.1681
    sleep@3072 armC pair[779444|779456] targets [8, 11]  margin 0.3227  loss 0.5448
    sleep@3088 armC lane1 [784890,785147) of span[784890,785147] pay 1.000  chunks 1  loss 4.3378
    sleep@3104 armC pair[686340|686353] targets [8, 12]  margin 0.0523  loss 0.6673
    sleep@3120 armC lane0 [795405,795662) of span[795405,795662] pay 2.000  chunks 1  loss 4.1885
    sleep@3136 armC lane0 [761915,762172) of span[761915,762172] pay 2.000  chunks 1  loss 3.9806
    sleep@3152 armC lane0 [700491,700748) of span[700491,700748] pay 2.000  chunks 1  loss 3.9876
    sleep@3168 armC lane2 [713897,714154) of span[713897,714154] pay 2.000  chunks 1  loss 4.1100
    sleep@3184 armC lane1 [685531,685788) of span[685531,685788] pay 1.000  chunks 1  loss 4.7687
    sleep@3200 armC lane0 [817463,817720) of span[817463,817720] pay 2.000  chunks 1  loss 4.4392
    sleep@3216 armC lane2 [775378,775635) of span[775378,775635] pay 2.000  chunks 1  loss 4.0324
    sleep@3232 armC lane0 [818570,818827) of span[818570,818827] pay 2.000  chunks 1  loss 3.6443
    sleep@3248 armC lane2 [739029,739286) of span[739029,739286] pay 2.000  chunks 1  loss 4.4667
    sleep@3264 armC lane2 [747740,747997) of span[747740,747997] pay 2.000  chunks 1  loss 4.8637
    sleep@3280 armC lane1 [828862,829119) of span[828862,829119] pay 2.000  chunks 1  loss 4.4137
    sleep@3296 armC lane3 [757451,757708) of span[757451,757708] pay 2.000  chunks 1  loss 4.1972
    sleep@3312 armC lane0 [791755,792012) of span[791755,792012] pay 2.000  chunks 1  loss 4.1437
    sleep@3328 armC lane2 [752197,752454) of span[752197,752454] pay 2.000  chunks 1  loss 3.5726
    sleep@3344 armC pair[748350|748364] targets [8, 13]  margin 0.4924  loss 0.4769
    sleep@3360 armC pair[783256|783270] targets [8, 13]  margin 0.1531  loss 0.6195
    sleep@3376 armC pair[733837|733849] targets [7, 11]  margin 0.4136  loss 0.5076
    sleep@3392 armC lane0 [769260,769517) of span[769260,769517] pay 1.000  chunks 1  loss 2.8781
    sleep@3408 armC lane2 [800671,800928) of span[800671,800928] pay 2.000  chunks 1  loss 3.6622
    sleep@3424 armC lane1 [760018,760275) of span[760018,760275] pay 1.000  chunks 1  loss 4.7198
    sleep@3440 armC lane2 [847696,847953) of span[847696,847953] pay 2.000  chunks 1  loss 4.4344
    sleep@3456 armC pair[875545|875558] targets [8, 12]  margin 0.3720  loss 0.5244
    sleep@3472 armC lane2 [852285,852542) of span[852285,852542] pay 2.000  chunks 1  loss 4.6951
    sleep@3488 armC lane1 [864743,865000) of span[864743,865000] pay 2.000  chunks 1  loss 4.1824
    sleep@3504 armC lane1 [769953,770210) of span[769953,770210] pay 2.000  chunks 1  loss 3.5598
    sleep@3520 armC lane3 [886515,886772) of span[886515,886772] pay 2.000  chunks 1  loss 3.9168
    sleep@3536 armC lane3 [888557,888814) of span[888557,888814] pay 2.000  chunks 1  loss 4.0022
    sleep@3552 armC pair[889886|889899] targets [8, 12]  margin -0.0149  loss 0.7006
    sleep@3568 armC pair[797950|797964] targets [9, 13]  margin 0.2256  loss 0.5867
    sleep@3584 armC lane0 [886674,886931) of span[886674,886931] pay 1.000  chunks 1  loss 4.2531
    sleep@3600 armC lane2 [897554,897811) of span[897554,897811] pay 1.000  chunks 1  loss 3.6675
    sleep@3616 armC lane0 [878350,878607) of span[878350,878607] pay 1.000  chunks 1  loss 4.3052
    sleep@3632 armC lane1 [845821,846078) of span[845821,846078] pay 1.000  chunks 1  loss 5.8301
    sleep@3648 armC lane3 [892252,892509) of span[892252,892509] pay 1.000  chunks 1  loss 3.7250
    sleep@3664 armC lane2 [831511,831768) of span[831511,831768] pay 2.000  chunks 1  loss 4.4080
    sleep@3680 armC pair[932115|932126] targets [7, 10]  margin 0.1480  loss 0.6219
    sleep@3696 armC lane2 [879452,879709) of span[879452,879709] pay 2.000  chunks 1  loss 3.6195
    sleep@3712 armC lane2 [931614,931871) of span[931614,931871] pay 1.000  chunks 1  loss 3.3637
    sleep@3728 armC lane2 [868076,868333) of span[868076,868333] pay 2.000  chunks 1  loss 3.7793
    sleep@3744 armC lane0 [852097,852354) of span[852097,852354] pay 1.000  chunks 1  loss 4.0481
    sleep@3760 armC pair[923210|923224] targets [8, 13]  margin 0.3390  loss 0.5379
    sleep@3776 armC lane0 [910042,910299) of span[910042,910299] pay 2.000  chunks 1  loss 4.1951
    sleep@3792 armC pair[884964|884976] targets [7, 11]  margin 0.3744  loss 0.5234
    sleep@3808 armC pair[860459|860471] targets [7, 11]  margin 0.2819  loss 0.5621
    sleep@3824 armC lane0 [957596,957853) of span[957596,957853] pay 1.000  chunks 1  loss 4.3498
    sleep@3840 armC lane2 [905152,905409) of span[905152,905409] pay 2.000  chunks 1  loss 3.9532
    sleep@3856 armC lane2 [882534,882791) of span[882534,882791] pay 2.000  chunks 1  loss 5.0507
    sleep@3872 armC pair[929985|929999] targets [10, 13]  margin 0.4889  loss 0.4783
    sleep@3888 armC lane1 [948760,949017) of span[948760,949017] pay 1.000  chunks 1  loss 4.2895
    sleep@3904 armC lane3 [955057,955314) of span[955057,955314] pay 1.000  chunks 1  loss 3.9398
    sleep@3920 armC lane2 [901597,901854) of span[901597,901854] pay 1.000  chunks 1  loss 4.2183
    sleep@3936 armC lane1 [938103,938360) of span[938103,938360] pay 2.000  chunks 1  loss 3.8592
    sleep@3952 armC lane0 [931846,932103) of span[931846,932103] pay 2.000  chunks 1  loss 4.4952
    sleep@3968 armC lane1 [998443,998700) of span[998443,998700] pay 2.000  chunks 1  loss 4.3448
    sleep@3984 armC lane1 [921952,922209) of span[921952,922209] pay 1.000  chunks 1  loss 3.7762
    sleep@4000 armC lane0 [893124,893381) of span[893124,893381] pay 1.000  chunks 1  loss 4.0141
    sleep@4016 armC pair[951627|951641] targets [9, 13]  margin 0.1265  loss 0.6319
    sleep@4032 armC lane0 [917601,917858) of span[917601,917858] pay 2.000  chunks 1  loss 4.0650
    sleep@4048 armC lane3 [1021207,1021464) of span[1021207,1021464] pay 2.000  chunks 1  loss 3.9411
    sleep@4064 armC lane1 [993107,993364) of span[993107,993364] pay 1.000  chunks 1  loss 4.8353
    sleep@4080 armC lane2 [952995,953252) of span[952995,953252] pay 2.000  chunks 1  loss 3.1519
    sleep@4096 armC lane2 [1011442,1011699) of span[1011442,1011699] pay 2.000  chunks 1  loss 3.8443
    sleep@4112 armC lane2 [1031578,1031835) of span[1031578,1031835] pay 1.000  chunks 1  loss 3.9298
    sleep@4128 armC lane3 [1049667,1049924) of span[1049667,1049924] pay 1.000  chunks 1  loss 3.7886
    sleep@4144 armC lane2 [945103,945360) of span[945103,945360] pay 1.000  chunks 1  loss 4.2828
    sleep@4160 armC lane3 [951570,951827) of span[951570,951827] pay 2.000  chunks 1  loss 4.0129
    sleep@4176 armC lane3 [1034463,1034720) of span[1034463,1034720] pay 1.000  chunks 1  loss 4.1851
    sleep@4192 armC pair[1025619|1025632] targets [7, 12]  margin 0.5919  loss 0.4404
    sleep@4208 armC lane3 [978112,978369) of span[978112,978369] pay 2.000  chunks 1  loss 3.8253
    sleep@4224 armC lane3 [958819,959076) of span[958819,959076] pay 1.000  chunks 1  loss 4.3350
    sleep@4240 armC lane0 [949704,949961) of span[949704,949961] pay 2.000  chunks 1  loss 4.2186
    sleep@4256 armC lane0 [1058829,1059086) of span[1058829,1059086] pay 1.000  chunks 1  loss 4.4262
    sleep@4272 armC lane3 [987196,987453) of span[987196,987453] pay 2.000  chunks 1  loss 3.8750
    sleep@4288 armC lane2 [1091592,1091849) of span[1091592,1091849] pay 1.000  chunks 1  loss 4.4803
    sleep@4304 armC pair[1077872|1077883] targets [7, 10]  margin 0.1765  loss 0.6088
    sleep@4320 armC lane2 [1057473,1057730) of span[1057473,1057730] pay 2.000  chunks 1  loss 3.4908
    sleep@4336 armC lane1 [1033724,1033981) of span[1033724,1033981] pay 2.000  chunks 1  loss 4.0273
    sleep@4352 armC lane2 [1111383,1111640) of span[1111383,1111640] pay 2.000  chunks 1  loss 3.4165
    sleep@4368 armC lane1 [1096274,1096531) of span[1096274,1096531] pay 2.000  chunks 1  loss 4.2163
    sleep@4384 armC lane0 [1010252,1010509) of span[1010252,1010509] pay 1.000  chunks 1  loss 3.6449
    sleep@4400 armC lane1 [1007939,1008196) of span[1007939,1008196] pay 2.000  chunks 1  loss 3.0542
    sleep@4416 armC lane1 [1124788,1125045) of span[1124788,1125045] pay 2.000  chunks 1  loss 4.3541
    sleep@4432 armC pair[1084675|1084689] targets [9, 13]  margin 0.3041  loss 0.5526
    sleep@4448 armC lane0 [1020000,1020257) of span[1020000,1020257] pay 2.000  chunks 1  loss 3.7664
    sleep@4464 armC lane1 [1037954,1038211) of span[1037954,1038211] pay 2.000  chunks 1  loss 3.8195
    sleep@4480 armC lane2 [1008010,1008267) of span[1008010,1008267] pay 2.000  chunks 1  loss 4.3314
    sleep@4496 armC lane2 [1076138,1076395) of span[1076138,1076395] pay 2.000  chunks 1  loss 4.4205
    sleep@4512 armC pair[1094145|1094159] targets [7, 13]  margin 0.3345  loss 0.5398
    sleep@4528 armC lane2 [1136901,1137158) of span[1136901,1137158] pay 1.000  chunks 1  loss 4.2372
    sleep@4544 armC lane1 [1064239,1064496) of span[1064239,1064496] pay 2.000  chunks 1  loss 4.1394
    sleep@4560 armC lane1 [1066847,1067104) of span[1066847,1067104] pay 2.000  chunks 1  loss 4.2873
    sleep@4576 armC lane1 [1069161,1069418) of span[1069161,1069418] pay 1.000  chunks 1  loss 3.9459
    sleep@4592 armC lane3 [1148559,1148816) of span[1148559,1148816] pay 1.000  chunks 1  loss 5.0619
    sleep@4608 armC lane3 [1174825,1175082) of span[1174825,1175082] pay 1.000  chunks 1  loss 3.3848
    sleep@4624 armC lane1 [1117438,1117695) of span[1117438,1117695] pay 2.000  chunks 1  loss 3.8888
    sleep@4640 armC lane0 [1156268,1156525) of span[1156268,1156525] pay 1.000  chunks 1  loss 3.9715
    sleep@4656 armC lane2 [1111061,1111318) of span[1111061,1111318] pay 1.000  chunks 1  loss 3.5530
    sleep@4672 armC lane1 [1072876,1073133) of span[1072876,1073133] pay 2.000  chunks 1  loss 3.5671
    sleep@4688 armC lane3 [1083134,1083391) of span[1083134,1083391] pay 2.000  chunks 1  loss 4.3843
    sleep@4704 armC lane2 [1140342,1140599) of span[1140342,1140599] pay 1.000  chunks 1  loss 3.7161
    sleep@4720 armC lane3 [1170024,1170281) of span[1170024,1170281] pay 2.000  chunks 1  loss 3.9983
    sleep@4736 armC lane3 [1096879,1097136) of span[1096879,1097136] pay 1.000  chunks 1  loss 3.8972
    sleep@4752 armC lane3 [1153594,1153851) of span[1153594,1153851] pay 2.000  chunks 1  loss 3.9603
    sleep@4768 armC lane1 [1147257,1147514) of span[1147257,1147514] pay 2.000  chunks 1  loss 4.0982
    sleep@4784 armC lane0 [1153880,1154137) of span[1153880,1154137] pay 1.000  chunks 1  loss 3.4619
    sleep@4800 armC pair[1154159|1154172] targets [8, 12]  margin 0.2940  loss 0.5569
    sleep@4816 armC lane2 [1132298,1132555) of span[1132298,1132555] pay 1.000  chunks 1  loss 4.3740
    sleep@4832 armC lane0 [1202695,1202952) of span[1202695,1202952] pay 1.000  chunks 1  loss 3.6545
    sleep@4848 armC lane0 [1161933,1162190) of span[1161933,1162190] pay 1.000  chunks 1  loss 4.1337
    sleep@4864 armC lane3 [1152287,1152544) of span[1152287,1152544] pay 2.000  chunks 1  loss 4.2247
    sleep@4880 armC lane2 [1110110,1110367) of span[1110110,1110367] pay 2.000  chunks 1  loss 4.3831
    sleep@4896 armC lane3 [1192122,1192379) of span[1192122,1192379] pay 2.000  chunks 1  loss 4.7884
    sleep@4912 armC lane3 [1234372,1234629) of span[1234372,1234629] pay 2.000  chunks 1  loss 4.1842
    sleep@4928 armC lane3 [1260048,1260305) of span[1260048,1260305] pay 1.000  chunks 1  loss 3.6983
    sleep@4944 armC lane0 [1243233,1243490) of span[1243233,1243490] pay 1.000  chunks 1  loss 3.8325
    sleep@4960 armC lane1 [1233934,1234191) of span[1233934,1234191] pay 2.000  chunks 1  loss 3.8362
    sleep@4976 armC lane0 [1170781,1171038) of span[1170781,1171038] pay 1.000  chunks 1  loss 3.4217
    sleep@4992 armC lane3 [1223036,1223293) of span[1223036,1223293] pay 2.000  chunks 1  loss 4.5094
    sleep@5008 armC lane2 [1190572,1190829) of span[1190572,1190829] pay 2.000  chunks 1  loss 5.0650
    sleep@5024 armC pair[1205017|1205029] targets [7, 11]  margin 0.4238  loss 0.5035
    sleep@5040 armC lane0 [1205494,1205751) of span[1205494,1205751] pay 1.000  chunks 1  loss 4.0267
    sleep@5056 armC lane3 [1234815,1235072) of span[1234815,1235072] pay 2.000  chunks 1  loss 4.1276
    sleep@5072 armC lane0 [1281748,1282005) of span[1281748,1282005] pay 1.000  chunks 1  loss 4.0061
    sleep@5088 armC lane2 [1230706,1230963) of span[1230706,1230963] pay 2.000  chunks 1  loss 4.0840
    sleep@5104 armC lane2 [1252921,1253178) of span[1252921,1253178] pay 1.000  chunks 1  loss 4.7396
    sleep@5120 armC lane2 [1254263,1254520) of span[1254263,1254520] pay 2.000  chunks 1  loss 3.5250
    sleep@5136 armC lane3 [1258862,1259119) of span[1258862,1259119] pay 2.000  chunks 1  loss 4.0204
    sleep@5152 armC lane1 [1310004,1310261) of span[1310004,1310261] pay 2.000  chunks 1  loss 3.7913
    sleep@5168 armC lane2 [1297504,1297761) of span[1297504,1297761] pay 1.000  chunks 1  loss 4.3905
    sleep@5184 armC lane1 [1296706,1296963) of span[1296706,1296963] pay 1.000  chunks 1  loss 4.5640
    sleep@5200 armC lane3 [1238913,1239170) of span[1238913,1239170] pay 1.000  chunks 1  loss 4.0174
    sleep@5216 armC lane0 [1288284,1288541) of span[1288284,1288541] pay 2.000  chunks 1  loss 4.6534
    sleep@5232 armC lane2 [1270695,1270952) of span[1270695,1270952] pay 1.000  chunks 1  loss 4.7663
    sleep@5248 armC pair[1318923|1318935] targets [7, 11]  margin 0.2904  loss 0.5585
    sleep@5264 armC lane1 [1266880,1267137) of span[1266880,1267137] pay 1.000  chunks 1  loss 3.6836
    sleep@5280 armC pair[1278773|1278788] targets [8, 14]  margin 0.4009  loss 0.5127
    sleep@5296 armC lane2 [1268213,1268470) of span[1268213,1268470] pay 2.000  chunks 1  loss 3.9694
    sleep@5312 armC lane2 [1308466,1308723) of span[1308466,1308723] pay 1.000  chunks 1  loss 3.1838
    sleep@5328 armC pair[1299414|1299426] targets [6, 11]  margin 0.0504  loss 0.6683
    sleep@5344 armC lane2 [1320357,1320614) of span[1320357,1320614] pay 2.000  chunks 1  loss 5.0921
    sleep@5360 armC lane0 [1324446,1324703) of span[1324446,1324703] pay 2.000  chunks 1  loss 4.3418
    sleep@5376 armC lane0 [1259737,1259994) of span[1259737,1259994] pay 1.000  chunks 1  loss 3.9307
    sleep@5392 armC lane1 [1362671,1362928) of span[1362671,1362928] pay 2.000  chunks 1  loss 4.7220
    sleep@5408 armC lane2 [1253344,1253601) of span[1253344,1253601] pay 2.000  chunks 1  loss 3.7926
    sleep@5424 armC lane0 [1319560,1319817) of span[1319560,1319817] pay 1.000  chunks 1  loss 4.5183
    sleep@5440 armC lane3 [1322725,1322982) of span[1322725,1322982] pay 1.000  chunks 1  loss 3.9803
    sleep@5456 armC lane1 [1280056,1280313) of span[1280056,1280313] pay 1.000  chunks 1  loss 3.9986
    sleep@5472 armC lane3 [1362076,1362333) of span[1362076,1362333] pay 1.000  chunks 1  loss 3.7746
    sleep@5488 armC lane2 [1303867,1304124) of span[1303867,1304124] pay 1.000  chunks 1  loss 3.8864
    sleep@5504 armC lane0 [1302699,1302956) of span[1302699,1302956] pay 1.000  chunks 1  loss 4.7217
    sleep@5520 armC lane3 [1296352,1296609) of span[1296352,1296609] pay 2.000  chunks 1  loss 3.7581
    sleep@5536 armC lane3 [1399541,1399798) of span[1399541,1399798] pay 2.000  chunks 1  loss 2.9594
    sleep@5552 armC lane1 [1314229,1314486) of span[1314229,1314486] pay 2.000  chunks 1  loss 4.3361
    sleep@5568 armC lane3 [1387453,1387710) of span[1387453,1387710] pay 1.000  chunks 1  loss 3.9705
    sleep@5584 armC lane0 [1296000,1296257) of span[1296000,1296257] pay 1.000  chunks 1  loss 4.0368
    sleep@5600 armC lane1 [1384609,1384866) of span[1384609,1384866] pay 2.000  chunks 1  loss 4.5345
    sleep@5616 armC lane1 [1361677,1361934) of span[1361677,1361934] pay 2.000  chunks 1  loss 3.8853
    sleep@5632 armC lane1 [1414636,1414893) of span[1414636,1414893] pay 1.000  chunks 1  loss 3.6260
    sleep@5648 armC lane3 [1397063,1397320) of span[1397063,1397320] pay 2.000  chunks 1  loss 3.4969
    sleep@5664 armC pair[1436841|1436856] targets [9, 14]  margin 0.2742  loss 0.5654
    sleep@5680 armC lane0 [1445527,1445784) of span[1445527,1445784] pay 2.000  chunks 1  loss 4.0299
    sleep@5696 armC lane0 [1410499,1410756) of span[1410499,1410756] pay 2.000  chunks 1  loss 2.2493
    sleep@5712 armC lane1 [1401753,1402010) of span[1401753,1402010] pay 2.000  chunks 1  loss 4.0938
    sleep@5728 armC pair[1358533|1358545] targets [7, 11]  margin 0.4560  loss 0.4909
    sleep@5744 armC lane3 [1386407,1386664) of span[1386407,1386664] pay 1.000  chunks 1  loss 4.4155
    sleep@5760 armC lane3 [1374251,1374508) of span[1374251,1374508] pay 2.000  chunks 1  loss 4.9391
    sleep@5776 armC lane1 [1445221,1445478) of span[1445221,1445478] pay 1.000  chunks 1  loss 3.8570
    sleep@5792 armC lane1 [1361305,1361562) of span[1361305,1361562] pay 2.000  chunks 1  loss 3.9383
    sleep@5808 armC lane2 [1420856,1421113) of span[1420856,1421113] pay 2.000  chunks 1  loss 4.5269
    sleep@5824 armC pair[1371042|1371054] targets [7, 11]  margin 0.6725  loss 0.4124
    sleep@5840 armC pair[1436841|1436856] targets [9, 14]  margin 0.5700  loss 0.4482
    sleep@5856 armC lane1 [1392907,1393164) of span[1392907,1393164] pay 2.000  chunks 1  loss 4.1584
    sleep@5872 armC pair[1465890|1465902] targets [9, 11]  margin 0.0733  loss 0.6572
    sleep@5888 armC lane3 [1503460,1503717) of span[1503460,1503717] pay 1.000  chunks 1  loss 3.8410
    sleep@5904 armC lane2 [1423432,1423689) of span[1423432,1423689] pay 1.000  chunks 1  loss 3.7767
    sleep@5920 armC lane2 [1394357,1394614) of span[1394357,1394614] pay 2.000  chunks 1  loss 3.2351
    sleep@5936 armC lane3 [1393242,1393499) of span[1393242,1393499] pay 1.000  chunks 1  loss 3.9824
    sleep@5952 armC lane3 [1452850,1453107) of span[1452850,1453107] pay 1.000  chunks 1  loss 3.8324
    sleep@5968 armC lane0 [1414775,1415032) of span[1414775,1415032] pay 1.000  chunks 1  loss 3.7710
    sleep@5984 armC lane1 [1505193,1505450) of span[1505193,1505450] pay 2.000  chunks 1  loss 4.6688
    sleep@6000 armC lane2 [1473924,1474181) of span[1473924,1474181] pay 1.000  chunks 1  loss 3.4974
step  6000  ce 3.743  loss 3.823  holds 2628  3,147 tok/s (now 3,266)  [fid:3=+0.960 fid:4=+0.280 fid:5=-0.008 b0=+0.008 b1=+0.006 b2=+0.018 b3=+0.007]
    sleep@6016 armC lane1 [1500527,1500784) of span[1500527,1500784] pay 2.000  chunks 1  loss 3.2169
    sleep@6032 armC lane1 [1487533,1487790) of span[1487533,1487790] pay 2.000  chunks 1  loss 3.1270
    sleep@6048 armC lane2 [1547227,1547484) of span[1547227,1547484] pay 2.000  chunks 1  loss 3.4015
    sleep@6064 armC pair[1526217|1526231] targets [8, 13]  margin 0.4247  loss 0.5032
    sleep@6080 armC lane2 [1461960,1462217) of span[1461960,1462217] pay 2.000  chunks 1  loss 3.8546
    sleep@6096 armC lane1 [1503286,1503543) of span[1503286,1503543] pay 2.000  chunks 1  loss 4.3070
    sleep@6112 armC lane0 [1481737,1481994) of span[1481737,1481994] pay 1.000  chunks 1  loss 3.5037
    sleep@6128 armC lane1 [1539568,1539825) of span[1539568,1539825] pay 2.000  chunks 1  loss 4.1754
    sleep@6144 armC pair[1564123|1564135] targets [9, 11]  margin 0.2310  loss 0.5843
    sleep@6160 armC pair[1460163|1460176] targets [7, 12]  margin 0.4303  loss 0.5010
    sleep@6176 armC lane1 [1448796,1449053) of span[1448796,1449053] pay 2.000  chunks 1  loss 4.0980
    sleep@6192 armC lane1 [1463721,1463978) of span[1463721,1463978] pay 2.000  chunks 1  loss 4.6427
    sleep@6208 armC lane1 [1569248,1569505) of span[1569248,1569505] pay 2.000  chunks 1  loss 3.8356
    sleep@6224 armC lane2 [1459818,1460075) of span[1459818,1460075] pay 2.000  chunks 1  loss 3.3955
    sleep@6240 armC pair[1579804|1579818] targets [7, 13]  margin 0.3209  loss 0.5455
    sleep@6256 armC pair[1499030|1499044] targets [7, 13]  margin 0.4015  loss 0.5124
    sleep@6272 armC pair[1478394|1478405] targets [8, 10]  margin -0.0912  loss 0.7398
    sleep@6288 armC pair[1564123|1564135] targets [9, 11]  margin 0.7830  loss 0.3764
    sleep@6304 armC lane0 [1569671,1569928) of span[1569671,1569928] pay 2.000  chunks 1  loss 3.5916
    sleep@6320 armC lane3 [1569804,1570061) of span[1569804,1570061] pay 1.000  chunks 1  loss 2.4403
    sleep@6336 armC lane3 [1569625,1569882) of span[1569625,1569882] pay 1.000  chunks 1  loss 2.9698
    sleep@6352 armC lane0 [1574756,1575013) of span[1574756,1575013] pay 2.000  chunks 1  loss 4.6460
    sleep@6368 armC lane3 [1500574,1500831) of span[1500574,1500831] pay 1.000  chunks 1  loss 3.6552
    sleep@6384 armC lane3 [1575210,1575467) of span[1575210,1575467] pay 2.000  chunks 1  loss 3.5293
    sleep@6400 armC lane3 [1579139,1579396) of span[1579139,1579396] pay 2.000  chunks 1  loss 3.2485
    sleep@6416 armC lane0 [1574297,1574554) of span[1574297,1574554] pay 2.000  chunks 1  loss 3.8399
    sleep@6432 armC pair[1552804|1552818] targets [7, 13]  margin 0.4797  loss 0.4818
    sleep@6448 armC lane1 [1542507,1542764) of span[1542507,1542764] pay 1.000  chunks 1  loss 4.1770
    sleep@6464 armC lane2 [1572276,1572533) of span[1572276,1572533] pay 2.000  chunks 1  loss 3.9514
    sleep@6480 armC lane2 [1617242,1617499) of span[1617242,1617499] pay 2.000  chunks 1  loss 3.8883
    sleep@6496 armC lane2 [1621490,1621747) of span[1621490,1621747] pay 2.000  chunks 1  loss 3.3536
    sleep@6512 armC lane0 [1561476,1561733) of span[1561476,1561733] pay 2.000  chunks 1  loss 3.6475
    sleep@6528 armC lane1 [1551630,1551887) of span[1551630,1551887] pay 2.000  chunks 1  loss 3.4786
    sleep@6544 armC lane2 [1651579,1651836) of span[1651579,1651836] pay 1.000  chunks 1  loss 3.4158
    sleep@6560 armC lane2 [1546031,1546288) of span[1546031,1546288] pay 2.000  chunks 1  loss 3.0025
    sleep@6576 armC pair[1655936|1655950] targets [10, 13]  margin -0.0008  loss 0.6936
    sleep@6592 armC lane0 [1595660,1595917) of span[1595660,1595917] pay 2.000  chunks 1  loss 3.3060
    sleep@6608 armC lane2 [1557854,1558111) of span[1557854,1558111] pay 2.000  chunks 1  loss 4.1389
    sleep@6624 armC lane3 [1616287,1616544) of span[1616287,1616544] pay 2.000  chunks 1  loss 2.7681
    sleep@6640 armC pair[1606377|1606388] targets [7, 10]  margin 0.2165  loss 0.5907
    sleep@6656 armC lane2 [1686481,1686738) of span[1686481,1686738] pay 2.000  chunks 1  loss 3.9848
    sleep@6672 armC pair[1631716|1631727] targets [7, 10]  margin 0.2650  loss 0.5694
    sleep@6688 armC pair[1683200|1683211] targets [7, 10]  margin 0.5538  loss 0.4541
    sleep@6704 armC pair[1580256|1580268] targets [7, 11]  margin 0.3972  loss 0.5142
    sleep@6720 armC lane3 [1683320,1683577) of span[1683320,1683577] pay 2.000  chunks 1  loss 3.6361
    sleep@6736 armC lane0 [1605378,1605635) of span[1605378,1605635] pay 1.000  chunks 1  loss 4.0890
    sleep@6752 armC lane3 [1699605,1699862) of span[1699605,1699862] pay 1.000  chunks 1  loss 4.0368
    sleep@6768 armC lane2 [1636527,1636784) of span[1636527,1636784] pay 1.000  chunks 1  loss 3.1237
    sleep@6784 armC lane0 [1632801,1633058) of span[1632801,1633058] pay 1.000  chunks 1  loss 4.1061
    sleep@6800 armC lane1 [1647210,1647467) of span[1647210,1647467] pay 1.000  chunks 1  loss 4.8457
    sleep@6816 armC lane3 [1716491,1716748) of span[1716491,1716748] pay 2.000  chunks 1  loss 3.9783
    sleep@6832 armC lane2 [1690050,1690307) of span[1690050,1690307] pay 2.000  chunks 1  loss 4.2169
    sleep@6848 armC pair[1711787|1711802] targets [9, 14]  margin 0.1047  loss 0.6422
    sleep@6864 armC lane0 [1754068,1754325) of span[1754068,1754325] pay 1.000  chunks 1  loss 3.7349
    sleep@6880 armC lane0 [1737455,1737712) of span[1737455,1737712] pay 2.000  chunks 1  loss 2.2637
    sleep@6896 armC lane0 [1699896,1700153) of span[1699896,1700153] pay 2.000  chunks 1  loss 3.4782
    sleep@6912 armC lane1 [1744155,1744412) of span[1744155,1744412] pay 2.000  chunks 1  loss 4.0924
    sleep@6928 armC lane1 [1654673,1654930) of span[1654673,1654930] pay 2.000  chunks 1  loss 2.8294
    sleep@6944 armC lane1 [1711535,1711792) of span[1711535,1711792] pay 2.000  chunks 1  loss 4.6151
    sleep@6960 armC pair[1703719|1703734] targets [8, 14]  margin 0.1652  loss 0.6140
    sleep@6976 armC lane0 [1651715,1651972) of span[1651715,1651972] pay 2.000  chunks 1  loss 3.6518
    sleep@6992 armC lane0 [1740007,1740264) of span[1740007,1740264] pay 2.000  chunks 1  loss 2.8760
    sleep@7008 armC lane2 [1695122,1695379) of span[1695122,1695379] pay 2.000  chunks 1  loss 4.6611
    sleep@7024 armC lane1 [1703245,1703502) of span[1703245,1703502] pay 2.000  chunks 1  loss 4.1666
    sleep@7040 armC lane1 [1731338,1731595) of span[1731338,1731595] pay 1.000  chunks 1  loss 3.5653
    sleep@7056 armC lane3 [1686890,1687147) of span[1686890,1687147] pay 2.000  chunks 1  loss 3.6348
    sleep@7072 armC lane3 [1714909,1715166) of span[1714909,1715166] pay 1.000  chunks 1  loss 2.9988
    sleep@7088 armC lane3 [1683654,1683911) of span[1683654,1683911] pay 1.000  chunks 1  loss 3.6675
    sleep@7104 armC lane1 [1742447,1742704) of span[1742447,1742704] pay 2.000  chunks 1  loss 3.8824
    sleep@7120 armC lane2 [1813920,1814177) of span[1813920,1814177] pay 1.000  chunks 1  loss 3.5687
    sleep@7136 armC lane0 [1801955,1802212) of span[1801955,1802212] pay 1.000  chunks 1  loss 3.3349
    sleep@7152 armC lane0 [1821587,1821844) of span[1821587,1821844] pay 2.000  chunks 1  loss 3.6734
    sleep@7168 armC lane3 [1716124,1716381) of span[1716124,1716381] pay 2.000  chunks 1  loss 3.7620
    sleep@7184 armC lane1 [1780206,1780463) of span[1780206,1780463] pay 2.000  chunks 1  loss 3.9406
    sleep@7200 armC lane2 [1813071,1813328) of span[1813071,1813328] pay 2.000  chunks 1  loss 3.4898
    sleep@7216 armC lane2 [1810711,1810968) of span[1810711,1810968] pay 2.000  chunks 1  loss 3.6465
    sleep@7232 armC lane1 [1844209,1844466) of span[1844209,1844466] pay 1.000  chunks 1  loss 2.6383
    sleep@7248 armC lane2 [1769517,1769774) of span[1769517,1769774] pay 2.000  chunks 1  loss 4.3178
    sleep@7264 armC lane2 [1854465,1854722) of span[1854465,1854722] pay 2.000  chunks 1  loss 2.7630
    sleep@7280 armC lane0 [1744344,1744601) of span[1744344,1744601] pay 2.000  chunks 1  loss 4.9680
    sleep@7296 armC pair[1823692|1823704] targets [9, 11]  margin 0.1944  loss 0.6007
    sleep@7312 armC lane3 [1855720,1855977) of span[1855720,1855977] pay 2.000  chunks 1  loss 3.5635
    sleep@7328 armC lane1 [1792414,1792671) of span[1792414,1792671] pay 2.000  chunks 1  loss 4.2427
    sleep@7344 armC lane1 [1744980,1745237) of span[1744980,1745237] pay 2.000  chunks 1  loss 4.1734
    sleep@7360 armC pair[1818789|1818802] targets [8, 12]  margin 0.2315  loss 0.5841
    sleep@7376 armC lane1 [1763833,1764090) of span[1763833,1764090] pay 1.000  chunks 1  loss 3.9495
    sleep@7392 armC lane0 [1836156,1836413) of span[1836156,1836413] pay 1.000  chunks 1  loss 4.2351
    sleep@7408 armC lane2 [1767266,1767523) of span[1767266,1767523] pay 2.000  chunks 1  loss 3.8946
    sleep@7424 armC pair[1877927|1877941] targets [8, 13]  margin 0.2344  loss 0.5828
    sleep@7440 armC lane3 [1789032,1789289) of span[1789032,1789289] pay 2.000  chunks 1  loss 3.6258
    sleep@7456 armC lane2 [1772755,1773012) of span[1772755,1773012] pay 2.000  chunks 1  loss 3.8278
    sleep@7472 armC lane1 [1889066,1889323) of span[1889066,1889323] pay 2.000  chunks 1  loss 2.7649
    sleep@7488 armC lane0 [1815170,1815427) of span[1815170,1815427] pay 2.000  chunks 1  loss 3.5107
    sleep@7504 armC lane3 [1858980,1859237) of span[1858980,1859237] pay 2.000  chunks 1  loss 3.1550
    sleep@7520 armC lane1 [1908781,1909038) of span[1908781,1909038] pay 2.000  chunks 1  loss 3.2577
    sleep@7536 armC lane3 [1879387,1879644) of span[1879387,1879644] pay 2.000  chunks 1  loss 3.9145
    sleep@7552 armC lane1 [1924535,1924792) of span[1924535,1924792] pay 2.000  chunks 1  loss 3.5241
    sleep@7568 armC lane2 [1893690,1893947) of span[1893690,1893947] pay 2.000  chunks 1  loss 3.4972
    sleep@7584 armC lane3 [1939920,1940177) of span[1939920,1940177] pay 1.000  chunks 1  loss 3.8234
    sleep@7600 armC lane3 [1827371,1827628) of span[1827371,1827628] pay 2.000  chunks 1  loss 3.0070
    sleep@7616 armC lane1 [1906688,1906945) of span[1906688,1906945] pay 2.000  chunks 1  loss 3.2488
    sleep@7632 armC lane2 [1870628,1870885) of span[1870628,1870885] pay 1.000  chunks 1  loss 4.5219
    sleep@7648 armC lane2 [1925360,1925617) of span[1925360,1925617] pay 2.000  chunks 1  loss 3.2493
    sleep@7664 armC lane1 [1890486,1890743) of span[1890486,1890743] pay 2.000  chunks 1  loss 3.7619
    sleep@7680 armC pair[1931735|1931750] targets [8, 14]  margin 0.0327  loss 0.6769
    sleep@7696 armC lane0 [1851682,1851939) of span[1851682,1851939] pay 2.000  chunks 1  loss 3.7564
    sleep@7712 armC lane2 [1909284,1909541) of span[1909284,1909541] pay 2.000  chunks 1  loss 4.2571
    sleep@7728 armC pair[1853212|1853225] targets [7, 12]  margin 0.4404  loss 0.4970
    sleep@7744 armC lane3 [1936946,1937203) of span[1936946,1937203] pay 2.000  chunks 1  loss 3.1477
    sleep@7760 armC lane1 [1967672,1967929) of span[1967672,1967929] pay 2.000  chunks 1  loss 3.5345
    sleep@7776 armC lane0 [1905713,1905970) of span[1905713,1905970] pay 2.000  chunks 1  loss 4.5005
    sleep@7792 armC lane0 [1904443,1904700) of span[1904443,1904700] pay 2.000  chunks 1  loss 3.1782
    sleep@7808 armC lane3 [1931880,1932137) of span[1931880,1932137] pay 2.000  chunks 1  loss 3.0582
    sleep@7824 armC lane2 [1898768,1899025) of span[1898768,1899025] pay 2.000  chunks 1  loss 3.6192
    sleep@7840 armC lane3 [1893192,1893449) of span[1893192,1893449] pay 1.000  chunks 1  loss 3.5287
    sleep@7856 armC lane2 [1913616,1913873) of span[1913616,1913873] pay 2.000  chunks 1  loss 3.6931
    sleep@7872 armC lane0 [1919497,1919754) of span[1919497,1919754] pay 2.000  chunks 1  loss 3.7289
    sleep@7888 armC lane3 [1892531,1892788) of span[1892531,1892788] pay 2.000  chunks 1  loss 3.4026
    sleep@7904 armC lane0 [2020949,2021206) of span[2020949,2021206] pay 2.000  chunks 1  loss 3.9147
    sleep@7920 armC lane2 [1925360,1925617) of span[1925360,1925617] pay 2.000  chunks 1  loss 3.0714
    sleep@7936 armC lane3 [1918714,1918971) of span[1918714,1918971] pay 1.000  chunks 1  loss 3.6211
    sleep@7952 armC lane2 [2006992,2007249) of span[2006992,2007249] pay 2.000  chunks 1  loss 3.5597
    sleep@7968 armC lane1 [2015604,2015861) of span[2015604,2015861] pay 1.000  chunks 1  loss 3.6747
    sleep@7984 armC lane2 [2006992,2007249) of span[2006992,2007249] pay 2.000  chunks 1  loss 2.9715
    sleep@8000 armC lane3 [1931880,1932137) of span[1931880,1932137] pay 2.000  chunks 1  loss 2.6668
    sleep@8016 armC lane2 [1929224,1929481) of span[1929224,1929481] pay 2.000  chunks 1  loss 4.5199
    sleep@8032 armC lane0 [1952569,1952826) of span[1952569,1952826] pay 2.000  chunks 1  loss 3.4349
    sleep@8048 armC lane2 [1955771,1956028) of span[1955771,1956028] pay 2.000  chunks 1  loss 3.7440
    sleep@8064 armC pair[1950139|1950151] targets [7, 11]  margin 0.6530  loss 0.4190
    sleep@8080 armC lane2 [1929833,1930090) of span[1929833,1930090] pay 1.000  chunks 1  loss 4.3523
    sleep@8096 armC pair[1962036|1962050] targets [7, 13]  margin 0.0739  loss 0.6569
    sleep@8112 armC lane2 [2028960,2029217) of span[2028960,2029217] pay 2.000  chunks 1  loss 3.4917
    sleep@8128 armC lane0 [2080414,2080671) of span[2080414,2080671] pay 1.000  chunks 1  loss 3.3207
    sleep@8144 armC pair[1997118|1997130] targets [8, 11]  margin 0.0564  loss 0.6653
    sleep@8160 armC lane1 [2060348,2060605) of span[2060348,2060605] pay 2.000  chunks 1  loss 3.1852
    sleep@8176 armC lane1 [2074561,2074818) of span[2074561,2074818] pay 2.000  chunks 1  loss 3.7251
    sleep@8192 armC lane0 [2073712,2073969) of span[2073712,2073969] pay 2.000  chunks 1  loss 3.8340
    sleep@8208 armC lane2 [2097341,2097598) of span[2097341,2097598] pay 1.000  chunks 1  loss 3.4406
    sleep@8224 armC lane1 [1988319,1988576) of span[1988319,1988576] pay 1.000  chunks 1  loss 3.5553
    sleep@8240 armC pair[2107324|2107336] targets [7, 11]  margin 0.3751  loss 0.5231
    sleep@8256 armC pair[1978022|1978034] targets [7, 11]  margin 0.2918  loss 0.5579
    sleep@8272 armC pair[2072328|2072339] targets [7, 10]  margin -0.3826  loss 0.9027
    sleep@8288 armC lane3 [2057943,2058200) of span[2057943,2058200] pay 2.000  chunks 1  loss 2.9546
    sleep@8304 armC lane1 [2104025,2104282) of span[2104025,2104282] pay 2.000  chunks 1  loss 3.9566
    sleep@8320 armC pair[2096948|2096963] targets [8, 14]  margin 0.2037  loss 0.5965
    sleep@8336 armC lane0 [2080571,2080828) of span[2080571,2080828] pay 1.000  chunks 1  loss 3.4620
    sleep@8352 armC lane2 [2062623,2062880) of span[2062623,2062880] pay 2.000  chunks 1  loss 3.5710
    sleep@8368 armC lane3 [2137727,2137984) of span[2137727,2137984] pay 2.000  chunks 1  loss 3.3843
    sleep@8384 armC pair[2102734|2102747] targets [9, 12]  margin 0.1991  loss 0.5985
    sleep@8400 armC lane3 [2103866,2104123) of span[2103866,2104123] pay 2.000  chunks 1  loss 2.9091
    sleep@8416 armC pair[2091764|2091778] targets [10, 13]  margin 0.2177  loss 0.5902
    sleep@8432 armC lane0 [2090509,2090766) of span[2090509,2090766] pay 1.000  chunks 1  loss 2.6939
    sleep@8448 armC lane0 [2145145,2145402) of span[2145145,2145402] pay 2.000  chunks 1  loss 3.2948
    sleep@8464 armC lane1 [2121887,2122144) of span[2121887,2122144] pay 2.000  chunks 1  loss 3.6716
    sleep@8480 armC pair[2106084|2106097] targets [8, 12]  margin 0.4882  loss 0.4785
    sleep@8496 armC lane1 [2080254,2080511) of span[2080254,2080511] pay 1.000  chunks 1  loss 3.5201
    sleep@8512 armC lane1 [2166743,2167000) of span[2166743,2167000] pay 2.000  chunks 1  loss 3.6701
    sleep@8528 armC pair[2162456|2162470] targets [7, 13]  margin 0.2558  loss 0.5734
    sleep@8544 armC pair[2112704|2112716] targets [7, 11]  margin 0.6457  loss 0.4215
    sleep@8560 armC lane1 [2078980,2079237) of span[2078980,2079237] pay 2.000  chunks 1  loss 3.5442
    sleep@8576 armC lane2 [2113083,2113340) of span[2113083,2113340] pay 2.000  chunks 1  loss 3.3406
    sleep@8592 armC lane0 [2198745,2199002) of span[2198745,2199002] pay 2.000  chunks 1  loss 3.3069
    sleep@8608 armC pair[2144252|2144265] targets [8, 12]  margin 0.2166  loss 0.5907
    sleep@8624 armC lane2 [2144597,2144854) of span[2144597,2144854] pay 2.000  chunks 1  loss 2.8194
    sleep@8640 armC pair[2188366|2188379] targets [6, 12]  margin 0.4465  loss 0.4946
    sleep@8656 armC lane2 [2144447,2144704) of span[2144447,2144704] pay 2.000  chunks 1  loss 2.7469
    sleep@8672 armC pair[2218657|2218669] targets [7, 11]  margin -0.2209  loss 0.8097
    sleep@8688 armC lane1 [2211288,2211545) of span[2211288,2211545] pay 2.000  chunks 1  loss 3.1695
    sleep@8704 armC lane2 [2126398,2126655) of span[2126398,2126655] pay 2.000  chunks 1  loss 3.8807
    sleep@8720 armC lane0 [2157227,2157484) of span[2157227,2157484] pay 2.000  chunks 1  loss 2.8387
    sleep@8736 armC lane3 [2212547,2212804) of span[2212547,2212804] pay 2.000  chunks 1  loss 3.6581
    sleep@8752 armC pair[2140321|2140333] targets [6, 11]  margin 0.0611  loss 0.6631
    sleep@8768 armC lane0 [2159632,2159889) of span[2159632,2159889] pay 2.000  chunks 1  loss 3.9479
    sleep@8784 armC pair[2133572|2133586] targets [9, 13]  margin -0.1097  loss 0.7495
    sleep@8800 armC lane2 [2189407,2189664) of span[2189407,2189664] pay 1.000  chunks 1  loss 3.3857
    sleep@8816 armC lane3 [2182666,2182923) of span[2182666,2182923] pay 2.000  chunks 1  loss 3.8509
    sleep@8832 armC lane2 [2143714,2143971) of span[2143714,2143971] pay 2.000  chunks 1  loss 3.7742
    sleep@8848 armC lane2 [2159364,2159621) of span[2159364,2159621] pay 2.000  chunks 1  loss 3.5670
    sleep@8864 armC lane0 [2159632,2159889) of span[2159632,2159889] pay 2.000  chunks 1  loss 3.4306
    sleep@8880 armC pair[2188401|2188413] targets [7, 11]  margin 0.3383  loss 0.5382
    sleep@8896 armC lane0 [2177604,2177861) of span[2177604,2177861] pay 2.000  chunks 1  loss 3.6480
    sleep@8912 armC lane1 [2162602,2162859) of span[2162602,2162859] pay 1.000  chunks 1  loss 3.3846
    sleep@8928 armC lane3 [2231227,2231484) of span[2231227,2231484] pay 2.000  chunks 1  loss 3.5154
    sleep@8944 armC lane0 [2157227,2157484) of span[2157227,2157484] pay 2.000  chunks 1  loss 2.5115
    sleep@8960 armC lane2 [2240585,2240842) of span[2240585,2240842] pay 2.000  chunks 1  loss 2.9416
    sleep@8976 armC lane0 [2266864,2267121) of span[2266864,2267121] pay 2.000  chunks 1  loss 2.8977
    sleep@8992 armC lane1 [2198154,2198411) of span[2198154,2198411] pay 2.000  chunks 1  loss 3.3476
step  9000  ce 3.491  loss 4.299  holds 2840  3,148 tok/s (now 3,151)  [fid:3=+0.959 fid:4=+0.305 fid:5=-0.031 b0=+0.010 b1=+0.013 b2=+0.012 b3=+0.008]
    sleep@9008 armC lane1 [2204512,2204769) of span[2204512,2204769] pay 2.000  chunks 1  loss 3.4542
    sleep@9024 armC pair[2191460|2191472] targets [7, 11]  margin 0.6522  loss 0.4193
    sleep@9040 armC pair[2189867|2189879] targets [7, 11]  margin -0.0482  loss 0.7175
    sleep@9056 armC lane2 [2275770,2276027) of span[2275770,2276027] pay 1.000  chunks 1  loss 3.5769
    sleep@9072 armC lane2 [2276457,2276714) of span[2276457,2276714] pay 2.000  chunks 1  loss 3.4106
    sleep@9088 armC pair[2203846|2203857] targets [7, 10]  margin 0.2597  loss 0.5717
    sleep@9104 armC lane0 [2312421,2312678) of span[2312421,2312678] pay 2.000  chunks 1  loss 2.4976
    sleep@9120 armC lane2 [2196851,2197108) of span[2196851,2197108] pay 1.000  chunks 1  loss 2.9963
    sleep@9136 armC pair[2256991|2257003] targets [8, 11]  margin 0.2830  loss 0.5616
    sleep@9152 armC lane0 [2210203,2210460) of span[2210203,2210460] pay 2.000  chunks 1  loss 4.1194
    sleep@9168 armC pair[2300827|2300841] targets [7, 13]  margin 0.1469  loss 0.6224
    sleep@9184 armC lane2 [2259869,2260126) of span[2259869,2260126] pay 1.000  chunks 1  loss 3.6361
    sleep@9200 armC lane2 [2286916,2287173) of span[2286916,2287173] pay 1.000  chunks 1  loss 3.8098
    sleep@9216 armC pair[2276961|2276975] targets [10, 13]  margin -0.3557  loss 0.8867
    sleep@9232 armC pair[2269166|2269178] targets [8, 11]  margin 0.1739  loss 0.6100
    sleep@9248 armC lane2 [2324981,2325238) of span[2324981,2325238] pay 2.000  chunks 1  loss 2.5607
    sleep@9264 armC pair[2254346|2254358] targets [8, 11]  margin 0.4656  loss 0.4872
    sleep@9280 armC lane1 [2254994,2255251) of span[2254994,2255251] pay 2.000  chunks 1  loss 3.5749
    sleep@9296 armC pair[2282471|2282483] targets [8, 11]  margin 0.2636  loss 0.5700
    sleep@9312 armC pair[2250606|2250621] targets [8, 14]  margin 0.2004  loss 0.5980
    sleep@9328 armC pair[2299903|2299915] targets [7, 11]  margin 1.0626  loss 0.2968
    sleep@9344 armC lane2 [2341302,2341559) of span[2341302,2341559] pay 2.000  chunks 1  loss 2.3120
    sleep@9360 armC pair[2351013|2351024] targets [7, 10]  margin 0.4754  loss 0.4834
    sleep@9376 armC pair[2322787|2322801] targets [9, 13]  margin 0.2090  loss 0.5941
    sleep@9392 armC pair[2392005|2392018] targets [8, 12]  margin 0.3202  loss 0.5458
    sleep@9408 armC pair[2373398|2373412] targets [9, 13]  margin 0.5305  loss 0.4627
    sleep@9424 armC lane1 [2390831,2391088) of span[2390831,2391088] pay 2.000  chunks 1  loss 2.9888
    sleep@9440 armC lane2 [2399649,2399906) of span[2399649,2399906] pay 1.000  chunks 1  loss 3.2469
    sleep@9456 armC lane1 [2381036,2381293) of span[2381036,2381293] pay 2.000  chunks 1  loss 3.0609
    sleep@9472 armC lane3 [2362247,2362504) of span[2362247,2362504] pay 2.000  chunks 1  loss 3.2043
    sleep@9488 armC lane0 [2364635,2364892) of span[2364635,2364892] pay 2.000  chunks 1  loss 3.0943
    sleep@9504 armC lane3 [2417652,2417909) of span[2417652,2417909] pay 2.000  chunks 1  loss 2.4626
    sleep@9520 armC lane1 [2370442,2370699) of span[2370442,2370699] pay 2.000  chunks 1  loss 2.5117
    sleep@9536 armC pair[2373398|2373412] targets [9, 13]  margin 0.8657  loss 0.3512
    sleep@9552 armC pair[2345164|2345175] targets [6, 10]  margin -0.1003  loss 0.7446
    sleep@9568 armC lane0 [2387739,2387996) of span[2387739,2387996] pay 1.000  chunks 1  loss 3.1097
    sleep@9584 armC pair[2359070|2359082] targets [7, 11]  margin 0.2837  loss 0.5613
    sleep@9600 armC lane0 [2386977,2387234) of span[2386977,2387234] pay 2.000  chunks 1  loss 3.0096
    sleep@9616 armC lane0 [2337757,2338014) of span[2337757,2338014] pay 2.000  chunks 1  loss 2.8316
    sleep@9632 armC lane2 [2413941,2414198) of span[2413941,2414198] pay 2.000  chunks 1  loss 3.1230
    sleep@9648 armC lane2 [2405885,2406142) of span[2405885,2406142] pay 1.000  chunks 1  loss 2.3355
    sleep@9664 armC lane3 [2428980,2429237) of span[2428980,2429237] pay 1.000  chunks 1  loss 2.6878
    sleep@9680 armC lane2 [2341302,2341559) of span[2341302,2341559] pay 2.000  chunks 1  loss 2.0993
    sleep@9696 armC pair[2429767|2429780] targets [8, 12]  margin 0.2017  loss 0.5974
    sleep@9712 armC pair[2467939|2467953] targets [7, 13]  margin 0.4428  loss 0.4961
    sleep@9728 armC pair[2467939|2467953] targets [7, 13]  margin 1.7221  loss 0.1644
    sleep@9744 armC pair[2466985|2466999] targets [8, 13]  margin 0.3088  loss 0.5506
    sleep@9760 armC lane2 [2403903,2404160) of span[2403903,2404160] pay 2.000  chunks 1  loss 2.4555
    sleep@9776 armC lane0 [2386507,2386764) of span[2386507,2386764] pay 1.000  chunks 1  loss 3.3319
    sleep@9792 armC lane2 [2415589,2415846) of span[2415589,2415846] pay 1.000  chunks 1  loss 2.1751
    sleep@9808 armC lane2 [2390246,2390503) of span[2390246,2390503] pay 1.000  chunks 1  loss 3.4212
    sleep@9824 armC lane2 [2409565,2409822) of span[2409565,2409822] pay 2.000  chunks 1  loss 2.8474
    sleep@9840 armC lane3 [2486639,2486896) of span[2486639,2486896] pay 2.000  chunks 1  loss 2.7292
    sleep@9856 armC lane2 [2384088,2384345) of span[2384088,2384345] pay 1.000  chunks 1  loss 2.4029
    sleep@9872 armC lane1 [2520169,2520426) of span[2520169,2520426] pay 2.000  chunks 1  loss 3.6100
    sleep@9888 armC lane3 [2447605,2447862) of span[2447605,2447862] pay 2.000  chunks 1  loss 2.3605
    sleep@9904 armC lane3 [2523720,2523977) of span[2523720,2523977] pay 2.000  chunks 1  loss 2.6891
    sleep@9920 armC lane2 [2517577,2517834) of span[2517577,2517834] pay 1.000  chunks 1  loss 3.1965
    sleep@9936 armC lane0 [2467530,2467787) of span[2467530,2467787] pay 2.000  chunks 1  loss 3.3052
    sleep@9952 armC lane3 [2471883,2472140) of span[2471883,2472140] pay 2.000  chunks 1  loss 2.7087
    sleep@9968 armC lane1 [2418744,2419001) of span[2418744,2419001] pay 2.000  chunks 1  loss 3.2425
    sleep@9984 armC lane2 [2420018,2420275) of span[2420018,2420275] pay 2.000  chunks 1  loss 3.1508
    sleep@10000 armC lane2 [2420736,2420878) of span[2420621,2420878] pay 2.000  chunks 1  loss 2.4771
    sleep@10016 armC pair[2438368|2438383] targets [9, 14]  margin 0.2190  loss 0.5896
    sleep@10032 armC pair[2496448|2496463] targets [9, 14]  margin 0.3184  loss 0.5466
    sleep@10048 armC lane3 [2476794,2477051) of span[2476794,2477051] pay 2.000  chunks 1  loss 2.0698
    sleep@10064 armC lane2 [2565127,2565384) of span[2565127,2565384] pay 2.000  chunks 1  loss 2.3829
    sleep@10080 armC lane2 [2555475,2555732) of span[2555475,2555732] pay 2.000  chunks 1  loss 2.8683
    sleep@10096 armC lane3 [2481931,2482188) of span[2481931,2482188] pay 2.000  chunks 1  loss 2.3434
    sleep@10112 armC lane0 [2492703,2492960) of span[2492703,2492960] pay 2.000  chunks 1  loss 3.2923
    sleep@10128 armC lane0 [2518884,2519141) of span[2518884,2519141] pay 1.000  chunks 1  loss 2.8287
    sleep@10144 armC pair[2574308|2574320] targets [7, 11]  margin 0.1950  loss 0.6004
    sleep@10160 armC lane0 [2518884,2519141) of span[2518884,2519141] pay 1.000  chunks 1  loss 2.2969
    sleep@10176 armC lane3 [2523720,2523977) of span[2523720,2523977] pay 2.000  chunks 1  loss 2.5468
    sleep@10192 armC lane0 [2608090,2608347) of span[2608090,2608347] pay 1.000  chunks 1  loss 2.4219
    sleep@10208 armC lane3 [2480457,2480714) of span[2480457,2480714] pay 2.000  chunks 1  loss 3.0169
    sleep@10224 armC lane2 [2540206,2540463) of span[2540206,2540463] pay 2.000  chunks 1  loss 2.4380
    sleep@10240 armC lane3 [2603463,2603720) of span[2603463,2603720] pay 2.000  chunks 1  loss 2.2840
    sleep@10256 armC lane0 [2592113,2592370) of span[2592113,2592370] pay 2.000  chunks 1  loss 3.0968
    sleep@10272 armC lane3 [2575178,2575435) of span[2575178,2575435] pay 2.000  chunks 1  loss 2.1310
    sleep@10288 armC pair[2591452|2591463] targets [6, 10]  margin 0.3982  loss 0.5137
    sleep@10304 armC lane1 [2527791,2528048) of span[2527791,2528048] pay 2.000  chunks 1  loss 4.1198
    sleep@10320 armC lane2 [2579853,2580110) of span[2579853,2580110] pay 1.000  chunks 1  loss 3.3475
    sleep@10336 armC lane2 [2606723,2606980) of span[2606723,2606980] pay 2.000  chunks 1  loss 3.0586
    sleep@10352 armC lane2 [2516828,2517085) of span[2516828,2517085] pay 1.000  chunks 1  loss 3.5020
    sleep@10368 armC lane3 [2575153,2575410) of span[2575153,2575410] pay 2.000  chunks 1  loss 2.1103
    sleep@10384 armC lane1 [2541478,2541735) of span[2541478,2541735] pay 1.000  chunks 1  loss 2.9343
    sleep@10400 armC lane2 [2537592,2537849) of span[2537592,2537849] pay 2.000  chunks 1  loss 2.4759
    sleep@10416 armC lane0 [2661601,2661858) of span[2661601,2661858] pay 2.000  chunks 1  loss 2.8562
    sleep@10432 armC lane3 [2634527,2634784) of span[2634527,2634784] pay 1.000  chunks 1  loss 2.4856
    sleep@10448 armC lane2 [2600870,2601127) of span[2600870,2601127] pay 1.000  chunks 1  loss 2.0190
    sleep@10464 armC lane3 [2639652,2639909) of span[2639652,2639909] pay 2.000  chunks 1  loss 2.5265
    sleep@10480 armC lane0 [2574623,2574880) of span[2574623,2574880] pay 1.000  chunks 1  loss 2.2868
    sleep@10496 armC lane3 [2616761,2617018) of span[2616761,2617018] pay 2.000  chunks 1  loss 2.4865
    sleep@10512 armC lane1 [2678951,2679208) of span[2678951,2679208] pay 1.000  chunks 1  loss 2.7287
    sleep@10528 armC lane0 [2577203,2577460) of span[2577203,2577460] pay 2.000  chunks 1  loss 2.7804
    sleep@10544 armC lane2 [2575809,2576066) of span[2575809,2576066] pay 2.000  chunks 1  loss 2.7475
    sleep@10560 armC pair[2575690|2575703] targets [6, 12]  margin 0.3811  loss 0.5206
    sleep@10576 armC pair[2680875|2680887] targets [7, 11]  margin 0.2838  loss 0.5613
    sleep@10592 armC lane3 [2680014,2680271) of span[2680014,2680271] pay 2.000  chunks 1  loss 2.9841
    sleep@10608 armC pair[2599680|2599693] targets [8, 12]  margin 0.5660  loss 0.4497
    sleep@10624 armC lane1 [2694253,2694510) of span[2694253,2694510] pay 2.000  chunks 1  loss 3.2513
    sleep@10640 armC lane3 [2585240,2585497) of span[2585240,2585497] pay 2.000  chunks 1  loss 2.9705
    sleep@10656 armC lane2 [2676825,2677082) of span[2676825,2677082] pay 2.000  chunks 1  loss 2.3548
    sleep@10672 armC lane3 [2724475,2724732) of span[2724475,2724732] pay 1.000  chunks 1  loss 1.7839
    sleep@10688 armC lane1 [2647830,2648087) of span[2647830,2648087] pay 2.000  chunks 1  loss 2.7770
    sleep@10704 armC pair[2719126|2719138] targets [8, 11]  margin 0.0493  loss 0.6688
    sleep@10720 armC lane0 [2730835,2731092) of span[2730835,2731092] pay 2.000  chunks 1  loss 2.0741
    sleep@10736 armC lane0 [2654186,2654443) of span[2654186,2654443] pay 2.000  chunks 1  loss 2.8525
    sleep@10752 armC pair[2722165|2722177] targets [6, 11]  margin 0.5529  loss 0.4544
    sleep@10768 armC lane3 [2751963,2752220) of span[2751963,2752220] pay 2.000  chunks 1  loss 1.9515
    sleep@10784 armC pair[2703958|2703971] targets [6, 12]  margin 0.7776  loss 0.3781
    sleep@10800 armC lane0 [2696669,2696926) of span[2696669,2696926] pay 1.000  chunks 1  loss 3.2544
    sleep@10816 armC lane3 [2761904,2762161) of span[2761904,2762161] pay 2.000  chunks 1  loss 2.9790
    sleep@10832 armC lane2 [2733224,2733481) of span[2733224,2733481] pay 1.000  chunks 1  loss 2.7354
    sleep@10848 armC lane2 [2732105,2732362) of span[2732105,2732362] pay 1.000  chunks 1  loss 2.0724
    sleep@10864 armC lane2 [2684185,2684442) of span[2684185,2684442] pay 2.000  chunks 1  loss 2.9173
    sleep@10880 armC lane0 [2664268,2664525) of span[2664268,2664525] pay 2.000  chunks 1  loss 2.4585
    sleep@10896 armC lane1 [2708290,2708547) of span[2708290,2708547] pay 1.000  chunks 1  loss 2.5943
    sleep@10912 armC lane2 [2739362,2739619) of span[2739362,2739619] pay 2.000  chunks 1  loss 2.0857
    sleep@10928 armC lane1 [2792995,2793252) of span[2792995,2793252] pay 2.000  chunks 1  loss 3.2500
    sleep@10944 armC pair[2662465|2662478] targets [8, 12]  margin -0.0611  loss 0.7241
    sleep@10960 armC lane1 [2717604,2717861) of span[2717604,2717861] pay 1.000  chunks 1  loss 3.1092
    sleep@10976 armC pair[2723191|2723203] targets [7, 11]  margin 0.2388  loss 0.5809
    sleep@10992 armC lane1 [2812363,2812620) of span[2812363,2812620] pay 2.000  chunks 1  loss 3.2264
    sleep@11008 armC lane3 [2724475,2724732) of span[2724475,2724732] pay 1.000  chunks 1  loss 1.6835
    sleep@11024 armC lane3 [2740039,2740296) of span[2740039,2740296] pay 2.000  chunks 1  loss 2.5366
    sleep@11040 armC lane2 [2740117,2740374) of span[2740117,2740374] pay 2.000  chunks 1  loss 2.5944
    sleep@11056 armC pair[2732065|2732078] targets [9, 12]  margin 0.2631  loss 0.5702
    sleep@11072 armC lane0 [2723132,2723389) of span[2723132,2723389] pay 2.000  chunks 1  loss 3.6470
    sleep@11088 armC lane3 [2744674,2744931) of span[2744674,2744931] pay 2.000  chunks 1  loss 1.8966
    sleep@11104 armC pair[2776836|2776848] targets [7, 11]  margin 0.5069  loss 0.4715
    sleep@11120 armC lane1 [2818166,2818423) of span[2818166,2818423] pay 2.000  chunks 1  loss 3.7229
    sleep@11136 armC lane3 [2813055,2813312) of span[2813055,2813312] pay 2.000  chunks 1  loss 1.6726
    sleep@11152 armC lane0 [2730057,2730314) of span[2730057,2730314] pay 2.000  chunks 1  loss 2.9658
    sleep@11168 armC pair[2772397|2772409] targets [8, 11]  margin 0.3739  loss 0.5236
    sleep@11184 armC pair[2794288|2794302] targets [7, 13]  margin 0.2925  loss 0.5576
    sleep@11200 armC pair[2744841|2744853] targets [9, 11]  margin -0.3648  loss 0.8921
    sleep@11216 armC pair[2767854|2767866] targets [7, 11]  margin 0.4443  loss 0.4955
    sleep@11232 armC lane3 [2808606,2808863) of span[2808606,2808863] pay 1.000  chunks 1  loss 3.1873
    sleep@11248 armC pair[2800993|2801005] targets [6, 11]  margin 0.4059  loss 0.5107
    sleep@11264 armC lane1 [2820113,2820370) of span[2820113,2820370] pay 2.000  chunks 1  loss 2.9603
    sleep@11280 armC lane1 [2802785,2803042) of span[2802785,2803042] pay 1.000  chunks 1  loss 3.0683
    sleep@11296 armC pair[2840670|2840684] targets [8, 13]  margin 0.0220  loss 0.6822
    sleep@11312 armC pair[2857652|2857665] targets [9, 12]  margin -0.1111  loss 0.7502
    sleep@11328 armC pair[2859833|2859844] targets [8, 10]  margin 0.1360  loss 0.6275
    sleep@11344 armC lane1 [2845486,2845743) of span[2845486,2845743] pay 2.000  chunks 1  loss 2.2566
    sleep@11360 armC lane1 [2792995,2793252) of span[2792995,2793252] pay 2.000  chunks 1  loss 3.0358
    sleep@11376 armC lane3 [2781707,2781964) of span[2781707,2781964] pay 1.000  chunks 1  loss 2.6110
    sleep@11392 armC pair[2823795|2823806] targets [6, 10]  margin 0.6926  loss 0.4056
    sleep@11408 armC pair[2879725|2879738] targets [8, 12]  margin 0.3308  loss 0.5414
    sleep@11424 armC lane1 [2826831,2827088) of span[2826831,2827088] pay 1.000  chunks 1  loss 3.0879
    sleep@11440 armC lane3 [2813055,2813312) of span[2813055,2813312] pay 2.000  chunks 1  loss 1.5672
    sleep@11456 armC lane1 [2831563,2831820) of span[2831563,2831820] pay 2.000  chunks 1  loss 3.0928
    sleep@11472 armC lane2 [2805423,2805680) of span[2805423,2805680] pay 2.000  chunks 1  loss 2.7682
    sleep@11488 armC lane1 [2822062,2822319) of span[2822062,2822319] pay 2.000  chunks 1  loss 2.7161
    sleep@11504 armC lane3 [2835433,2835690) of span[2835433,2835690] pay 2.000  chunks 1  loss 2.1924
    sleep@11520 armC lane2 [2878441,2878698) of span[2878441,2878698] pay 2.000  chunks 1  loss 1.8493
    sleep@11536 armC lane2 [2914605,2914862) of span[2914605,2914862] pay 2.000  chunks 1  loss 2.0680
    sleep@11552 armC pair[2823795|2823806] targets [6, 10]  margin 1.3333  loss 0.2340
    sleep@11568 armC lane3 [2852180,2852437) of span[2852180,2852437] pay 2.000  chunks 1  loss 3.0906
    sleep@11584 armC lane2 [2959191,2959448) of span[2959191,2959448] pay 1.000  chunks 1  loss 2.6012
    sleep@11600 armC lane2 [2836579,2836836) of span[2836579,2836836] pay 2.000  chunks 1  loss 2.3352
    sleep@11616 armC lane2 [2924673,2924930) of span[2924673,2924930] pay 2.000  chunks 1  loss 1.8436
    sleep@11632 armC pair[2878492|2878505] targets [8, 12]  margin 0.1262  loss 0.6320
    sleep@11648 armC lane3 [2856654,2856911) of span[2856654,2856911] pay 2.000  chunks 1  loss 2.9779
    sleep@11664 armC lane3 [2953805,2954062) of span[2953805,2954062] pay 1.000  chunks 1  loss 2.8462
    sleep@11680 armC lane0 [2909874,2910131) of span[2909874,2910131] pay 1.000  chunks 1  loss 2.2132
    sleep@11696 armC lane0 [2875913,2876170) of span[2875913,2876170] pay 2.000  chunks 1  loss 4.3053
    sleep@11712 armC lane1 [2898304,2898561) of span[2898304,2898561] pay 2.000  chunks 1  loss 3.3486
    sleep@11728 armC pair[2886713|2886726] targets [8, 12]  margin 0.3676  loss 0.5261
    sleep@11744 armC pair[2977645|2977657] targets [9, 11]  margin 0.1272  loss 0.6316
    sleep@11760 armC pair[2948090|2948103] targets [8, 12]  margin 0.2726  loss 0.5661
    sleep@11776 armC lane1 [2922350,2922607) of span[2922350,2922607] pay 2.000  chunks 1  loss 2.8286
    sleep@11792 armC lane2 [2981228,2981485) of span[2981228,2981485] pay 2.000  chunks 1  loss 1.5975
    sleep@11808 armC lane3 [2966056,2966313) of span[2966056,2966313] pay 2.000  chunks 1  loss 3.2186
    sleep@11824 armC lane3 [3024796,3025053) of span[3024796,3025053] pay 1.000  chunks 1  loss 2.1714
    sleep@11840 armC lane1 [2965416,2965673) of span[2965416,2965673] pay 2.000  chunks 1  loss 3.5583
    sleep@11856 armC pair[2909330|2909343] targets [8, 12]  margin 0.1797  loss 0.6073
    sleep@11872 armC lane2 [2926999,2927256) of span[2926999,2927256] pay 2.000  chunks 1  loss 2.2948
    sleep@11888 armC lane2 [2979929,2980186) of span[2979929,2980186] pay 2.000  chunks 1  loss 1.8865
    sleep@11904 armC pair[2944586|2944598] targets [7, 11]  margin 0.2267  loss 0.5862
    sleep@11920 armC lane3 [3002480,3002737) of span[3002480,3002737] pay 2.000  chunks 1  loss 2.8254
    sleep@11936 armC lane3 [3042416,3042673) of span[3042416,3042673] pay 2.000  chunks 1  loss 2.7352
    sleep@11952 armC pair[3013474|3013485] targets [6, 10]  margin 0.6574  loss 0.4175
    sleep@11968 armC pair[2990895|2990911] targets [9, 15]  margin 0.2758  loss 0.5647
    sleep@11984 armC lane2 [3060714,3060971) of span[3060714,3060971] pay 1.000  chunks 1  loss 3.1864
    sleep@12000 armC lane3 [2967035,2967292) of span[2967035,2967292] pay 2.000  chunks 1  loss 1.8731
step 12000  ce 3.114  loss 3.831  holds 3052  3,224 tok/s (now 3,474)  [fid:3=+0.966 fid:4=+0.307 fid:5=-0.030 b0=+0.007 b1=+0.008 b2=+0.012 b3=+0.011]
audit: {'holds': 3052, 'telescoping_exact': True, 'scoped': True, 'vetoes': 36740, 'proposed': 47616, 'presses': 18408, 'press_vetoes': 0, 'voided_zero': True}
panel:
lane0 maintain fid:5          target 0.20 phi0 1.15 band 5 due 3161600
lane0 frontier recall:b2      target 0.09 phi0 0.85 band 4 due 3076352
lane1 maintain fid:5          target 0.20 phi0 1.15 band 5 due 3161600
lane1 frontier recall:b2      target 0.09 phi0 0.85 band 4 due 3076352
lane2 maintain fid:5          target 0.20 phi0 1.15 band 5 due 3161600
lane2 frontier recall:b2      target 0.09 phi0 0.85 band 4 due 3076352
lane3 maintain fid:5          target 0.20 phi0 1.15 band 5 due 3161600
lane3 frontier recall:b2      target 0.09 phi0 0.85 band 4 due 3076352
record   fid:3          0.975 (ema 0.966)
record   fid:4          0.332 (ema 0.307)
record   fid:5          0.109 (ema -0.030)
record   recall:b0      0.063 (ema 0.007)
record   recall:b1      0.063 (ema 0.008)
record   recall:b2      0.041 (ema 0.012)
record   recall:b3      0.038 (ema 0.011)
[rope] {'ce_first': 9.298483848571777, 'ce_last': 3.113790273666382, 'secs': 3812, 'params': 5258053, 'pairs': 78, 'pair_law': True, 'sleep_steps': 749, 'only_paid': True}
[rope/eval] {"ce": 4.8603, "recall": {"in-ctx": {"acc": 0.229, "n": 523}, "short": {"acc": 0.204, "n": 1363}, "b3": {"acc": 0.179, "n": 520}, "b4": {"acc": 0.153, "n": 803}, "b5+": {"acc": 0.105, "n": 105}}}

=== VERDICTS ===
saved results/evidence/v10_gates_epi.json
