PLAN {"lanes": 32, "life_len": 6250000, "total_steps": 97500, "total_tokens": 199680000, "lam": 0.01953, "bounds": [["infancy", 7500], ["childhood", 34000], ["adolescence", 71000], ["tail", 97500]], "ladder": {"infancy": 0, "childhood": 16, "adolescence": 16, "tail": 16}, "segments": 20, "precision": "bf16", "attn": "abs", "qk_norm": false, "band_lr_mult": 1.0, "mlp": "gelu", "clock_mult": 1, "clocks": {"3": 1, "4": 8, "5": 64, "6": 512, "7": 4096, "8": 32768}, "keyed": "hidden", "arch": "scan", "scan_order": "pfc_first", "scan": {"order": "pfc_first", "n_council": 2, "slot_every": 1, "write_every": 1, "compile_council": true, "compile_read": true}, "band_credit": 0, "band_center": 0, "tail_tokens": 0, "hb_every": 6000, "hb_chunks": 4000, "lesion_every": 2}
W0822 05:26:54.049000 123531624973888 torch/fx/experimental/symbolic_shapes.py:4449] [0/0] d2 is not in var_ranges, defaulting to unknown range.
W0822 05:26:54.049000 123531624973888 torch/fx/experimental/symbolic_shapes.py:4449] [0/0] d0 is not in var_ranges, defaulting to unknown range.
W0822 05:26:54.056000 123531624973888 torch/fx/experimental/symbolic_shapes.py:4449] [0/0] d2 is not in var_ranges, defaulting to unknown range.
W0822 05:26:54.056000 123531624973888 torch/fx/experimental/symbolic_shapes.py:4449] [0/0] d0 is not in var_ranges, defaulting to unknown range.
W0822 05:26:54.056000 123531624973888 torch/fx/experimental/symbolic_shapes.py:4449] [0/0] d1 is not in var_ranges, defaulting to unknown range.
W0822 05:26:54.139000 123531624973888 torch/fx/experimental/symbolic_shapes.py:4449] [0/0] d2 is not in var_ranges, defaulting to unknown range.
W0822 05:26:54.139000 123531624973888 torch/fx/experimental/symbolic_shapes.py:4449] [0/0] d0 is not in var_ranges, defaulting to unknown range.
W0822 05:26:54.152000 123531624973888 torch/fx/experimental/symbolic_shapes.py:4449] [0/0] d2 is not in var_ranges, defaulting to unknown range.
W0822 05:26:54.152000 123531624973888 torch/fx/experimental/symbolic_shapes.py:4449] [0/0] d0 is not in var_ranges, defaulting to unknown range.
W0822 05:26:54.152000 123531624973888 torch/fx/experimental/symbolic_shapes.py:4449] [0/0] d1 is not in var_ranges, defaulting to unknown range.
W0822 05:26:54.621000 123531624973888 torch/fx/experimental/symbolic_shapes.py:4449] [0/0] q2 is not in var_ranges, defaulting to unknown range.
W0822 05:26:54.621000 123531624973888 torch/fx/experimental/symbolic_shapes.py:4449] [0/0] q0 is not in var_ranges, defaulting to unknown range.
W0822 05:26:54.642000 123531624973888 torch/fx/experimental/symbolic_shapes.py:4449] [0/0] q1 is not in var_ranges, defaulting to unknown range.
W0822 05:26:54.642000 123531624973888 torch/fx/experimental/symbolic_shapes.py:4449] [0/0] q2 is not in var_ranges, defaulting to unknown range.
W0822 05:26:54.642000 123531624973888 torch/fx/experimental/symbolic_shapes.py:4449] [0/0] q0 is not in var_ranges, defaulting to unknown range.
W0822 05:26:54.765000 123531624973888 torch/fx/experimental/symbolic_shapes.py:4449] [0/0] z0 is not in var_ranges, defaulting to unknown range.
W0822 05:26:54.765000 123531624973888 torch/fx/experimental/symbolic_shapes.py:4449] [0/0] z2 is not in var_ranges, defaulting to unknown range.
W0822 05:26:54.766000 123531624973888 torch/fx/experimental/symbolic_shapes.py:4449] [0/0] z1 is not in var_ranges, defaulting to unknown range.
W0822 05:26:55.288000 123531624973888 torch/fx/experimental/symbolic_shapes.py:4449] [0/0] x0 is not in var_ranges, defaulting to unknown range.
W0822 05:26:55.288000 123531624973888 torch/fx/experimental/symbolic_shapes.py:4449] [0/0] r2 is not in var_ranges, defaulting to unknown range.
W0822 05:26:55.288000 123531624973888 torch/fx/experimental/symbolic_shapes.py:4449] [0/0] x1 is not in var_ranges, defaulting to unknown range.
step     1  ce 9.877  loss 11.994  holds    0  134 tok/s (now 134)  [fid:3=-0.005 fid:4=+0.000]
W0822 05:26:59.838000 123539848998912 torch/_dynamo/convert_frame.py:762] [1/8] torch._dynamo hit config.cache_size_limit (8)
W0822 05:26:59.838000 123539848998912 torch/_dynamo/convert_frame.py:762] [1/8]    function: '_lift_read' (/workspace/w-v10prep/Vision/iga/lm_scan.py:71)
W0822 05:26:59.838000 123539848998912 torch/_dynamo/convert_frame.py:762] [1/8]    last reason: GLOBAL_STATE changed: grad_mode 
W0822 05:26:59.838000 123539848998912 torch/_dynamo/convert_frame.py:762] [1/8] To log all recompilation reasons, use TORCH_LOGS="recompiles".
W0822 05:26:59.838000 123539848998912 torch/_dynamo/convert_frame.py:762] [1/8] To diagnose recompilation issues, see https://pytorch.org/docs/main/torch.compiler_troubleshooting.html.
    holdout(cum): {}
step   100  ce 8.576  loss 8.715  holds 1536  2,271 tok/s (now 2,706)  [fid:3=-0.000 fid:4=+0.001 fid:5=+0.001 fid:6=-0.000]
step   200  ce 7.610  loss 7.735  holds 3072  2,591 tok/s (now 3,015)  [fid:3=+0.046 fid:4=+0.053 fid:5=+0.024 fid:6=-0.000 fid:7=-0.001 b2=+0.000]
step   300  ce 6.305  loss 6.424  holds 4736  2,688 tok/s (now 2,906)  [fid:3=+0.083 fid:4=+0.086 fid:5=+0.074 fid:6=-0.000 fid:7=-0.001 b0=+0.000 b1=+0.000 b2=+0.000]
step   400  ce 5.740  loss 5.858  holds 6272  2,716 tok/s (now 2,804)  [fid:3=+0.051 fid:4=+0.091 fid:5=+0.141 fid:6=-0.000 fid:7=-0.001 b0=+0.002 b1=+0.001 b2=+0.001]
step   500  ce 5.577  loss 5.694  holds 7936  2,764 tok/s (now 2,976)  [fid:3=+0.064 fid:4=+0.068 fid:5=+0.125 fid:6=+0.000 fid:7=-0.001 b0=+0.002 b1=+0.002 b2=+0.001]
step   600  ce 4.999  loss 5.113  holds 9472  2,714 tok/s (now 2,490)  [fid:3=+0.204 fid:4=+0.072 fid:5=+0.135 fid:6=+0.001 fid:7=-0.001 b0=+0.002 b1=+0.001 b2=+0.003]
step   700  ce 5.144  loss 5.253  holds 11136  2,701 tok/s (now 2,622)  [fid:3=+0.278 fid:4=+0.059 fid:5=+0.125 fid:6=+0.001 fid:7=-0.001 b0=+0.008 b1=+0.011 b2=+0.006]
step   800  ce 4.738  loss 5.897  holds 12672  2,684 tok/s (now 2,568)  [fid:3=+0.330 fid:4=+0.045 fid:5=+0.109 fid:6=+0.003 fid:7=-0.000 b0=+0.014 b1=+0.014 b2=+0.012]
step   900  ce 4.322  loss 5.393  holds 14336  2,667 tok/s (now 2,542)  [fid:3=+0.361 fid:4=+0.038 fid:5=+0.089 fid:6=+0.005 fid:7=-0.000 b0=+0.016 b1=+0.010 b2=+0.012]
step  1000  ce 4.540  loss 4.649  holds 15872  2,654 tok/s (now 2,542)  [fid:3=+0.383 fid:4=+0.028 fid:5=+0.071 fid:6=+0.011 fid:7=-0.000 b0=+0.007 b1=+0.007 b2=+0.006]
step  1100  ce 4.690  loss 5.807  holds 17536  2,631 tok/s (now 2,421)  [fid:3=+0.409 fid:4=+0.022 fid:5=+0.068 fid:6=+0.017 fid:7=-0.000 fid:8=+0.002 b0=+0.029 b1=+0.030 b2=+0.022]
step  1200  ce 4.298  loss 4.406  holds 19072  2,621 tok/s (now 2,514)  [fid:3=+0.420 fid:4=+0.021 fid:5=+0.065 fid:6=+0.023 fid:7=-0.000 fid:8=+0.002 b0=+0.021 b1=+0.024 b2=+0.017]
step  1300  ce 4.257  loss 4.362  holds 20736  2,605 tok/s (now 2,424)  [fid:3=+0.435 fid:4=+0.019 fid:5=+0.062 fid:6=+0.031 fid:7=-0.000 fid:8=+0.002 b0=+0.016 b1=+0.011 b2=+0.007]
step  1400  ce 4.663  loss 4.768  holds 22272  2,579 tok/s (now 2,283)  [fid:3=+0.438 fid:4=+0.020 fid:5=+0.064 fid:6=+0.038 fid:7=-0.000 fid:8=+0.002 b0=+0.016 b1=+0.024 b2=+0.026]
step  1500  ce 4.101  loss 5.090  holds 23936  2,559 tok/s (now 2,313)  [fid:3=+0.455 fid:4=+0.018 fid:5=+0.050 fid:6=+0.039 fid:7=-0.000 fid:8=+0.002 b0=+0.014 b1=+0.010 b2=+0.010]
step  1600  ce 3.849  loss 3.956  holds 25472  2,523 tok/s (now 2,084)  [fid:3=+0.457 fid:4=+0.017 fid:5=+0.053 fid:6=+0.042 fid:7=+0.000 fid:8=+0.002 b0=+0.024 b1=+0.039 b2=+0.018]
step  1700  ce 3.983  loss 4.087  holds 27136  2,504 tok/s (now 2,236)  [fid:3=+0.459 fid:4=+0.017 fid:5=+0.048 fid:6=+0.041 fid:7=+0.000 fid:8=+0.002 b0=+0.009 b1=+0.009 b2=+0.006]
step  1800  ce 3.700  loss 4.610  holds 28672  2,484 tok/s (now 2,189)  [fid:3=+0.469 fid:4=+0.018 fid:5=+0.043 fid:6=+0.042 fid:7=+0.000 fid:8=+0.002 b0=+0.004 b1=+0.003 b2=+0.004]
step  1900  ce 3.783  loss 4.699  holds 30336  2,464 tok/s (now 2,155)  [fid:3=+0.474 fid:4=+0.019 fid:5=+0.039 fid:6=+0.042 fid:7=+0.000 fid:8=+0.002 b0=+0.005 b1=+0.014 b2=+0.007]
step  2000  ce 3.574  loss 4.443  holds 31872  2,437 tok/s (now 2,007)  [fid:3=+0.478 fid:4=+0.021 fid:5=+0.045 fid:6=+0.040 fid:7=+0.001 fid:8=+0.002 b0=+0.008 b1=+0.003 b2=+0.003]
    holdout(cum): {}
step  2100  ce 3.881  loss 4.815  holds 33536  2,411 tok/s (now 1,987)  [fid:3=+0.480 fid:4=+0.018 fid:5=+0.037 fid:6=+0.038 fid:7=+0.001 fid:8=+0.002 b0=+0.010 b1=+0.007 b2=+0.010]
step  2200  ce 3.707  loss 4.612  holds 35072  2,398 tok/s (now 2,156)  [fid:3=+0.484 fid:4=+0.020 fid:5=+0.037 fid:6=+0.036 fid:7=+0.001 fid:8=+0.002 b0=+0.007 b1=+0.005 b2=+0.003]
step  2300  ce 3.825  loss 4.750  holds 36736  2,377 tok/s (now 2,003)  [fid:3=+0.484 fid:4=+0.019 fid:5=+0.036 fid:6=+0.033 fid:7=+0.001 fid:8=+0.002 b0=+0.010 b1=+0.014 b2=+0.007]
step  2400  ce 4.394  loss 4.503  holds 38272  2,356 tok/s (now 1,953)  [fid:3=+0.484 fid:4=+0.021 fid:5=+0.040 fid:6=+0.033 fid:7=+0.001 fid:8=+0.002 b0=+0.004 b1=+0.003 b2=+0.004]
step  2500  ce 3.696  loss 3.796  holds 39936  2,334 tok/s (now 1,905)  [fid:3=+0.490 fid:4=+0.021 fid:5=+0.041 fid:6=+0.033 fid:7=+0.002 fid:8=+0.002 b0=+0.014 b1=+0.028 b2=+0.010]
step  2600  ce 3.901  loss 4.839  holds 41472  2,310 tok/s (now 1,836)  [fid:3=+0.493 fid:4=+0.020 fid:5=+0.041 fid:6=+0.033 fid:7=+0.002 fid:8=+0.002 b0=+0.003 b1=+0.003 b2=+0.005]
step  2700  ce 3.499  loss 4.341  holds 43136  2,295 tok/s (now 1,961)  [fid:3=+0.495 fid:4=+0.023 fid:5=+0.039 fid:6=+0.034 fid:7=+0.001 fid:8=+0.002 b0=+0.003 b1=+0.005 b2=+0.002]
step  2800  ce 3.197  loss 3.989  holds 44672  2,275 tok/s (now 1,853)  [fid:3=+0.494 fid:4=+0.021 fid:5=+0.037 fid:6=+0.033 fid:7=+0.001 fid:8=+0.002 b0=+0.006 b1=+0.004 b2=+0.008]
step  2900  ce 3.633  loss 4.516  holds 46336  2,259 tok/s (now 1,890)  [fid:3=+0.503 fid:4=+0.024 fid:5=+0.042 fid:6=+0.032 fid:7=+0.002 fid:8=+0.002 b0=+0.012 b1=+0.013 b2=+0.001]
step  3000  ce 3.351  loss 4.175  holds 47872  2,236 tok/s (now 1,726)  [fid:3=+0.496 fid:4=+0.020 fid:5=+0.042 fid:6=+0.032 fid:7=+0.002 fid:8=+0.002 b0=+0.008 b1=+0.019 b2=+0.003]
