PLAN {"lanes": 32, "life_len": 6250000, "total_steps": 97500, "total_tokens": 199680000, "lam": 0.00274, "bounds": [["infancy", 7500], ["childhood", 34000], ["adolescence", 71000], ["tail", 97500]], "ladder": {"infancy": 0, "childhood": 16, "adolescence": 16, "tail": 16}, "segments": 20, "precision": "bf16", "attn": "abs", "qk_norm": false, "band_lr_mult": 1.0, "mlp": "gelu", "clock_mult": 1, "clocks": {"3": 1, "4": 8, "5": 64, "6": 512, "7": 4096, "8": 32768}, "keyed": "hidden", "arch": "scan", "scan_order": "pfc_first", "scan": {"order": "pfc_first", "n_council": 2, "slot_every": 8, "write_every": 4}, "band_credit": 0, "band_center": 0, "tail_tokens": 0, "hb_every": 6000, "hb_chunks": 4000, "lesion_every": 2}
step     1  ce 9.877  loss 11.960  holds    0  1,729 tok/s (now 1,729)  [fid:3=+0.019 fid:4=-0.001]
    holdout(cum): {}
step   100  ce 8.594  loss 8.739  holds 9440  3,364 tok/s (now 3,397)  [fid:3=+0.001 fid:4=+0.002 fid:5=+0.001 fid:6=-0.000]
step   200  ce 7.758  loss 7.871  holds 19072  3,480 tok/s (now 3,604)  [fid:3=+0.289 fid:4=+0.219 fid:5=+0.041 fid:6=-0.000 fid:7=-0.001 b2=+0.000]
step   300  ce 6.991  loss 7.062  holds 29984  3,514 tok/s (now 3,583)  [fid:3=+0.741 fid:4=+0.400 fid:5=+0.138 fid:6=+0.000 fid:7=-0.001 b0=+0.000 b1=+0.000 b2=+0.000]
step   400  ce 6.809  loss 6.881  holds 41472  3,505 tok/s (now 3,479)  [fid:3=+0.726 fid:4=+0.458 fid:5=+0.158 fid:6=+0.002 fid:7=-0.001 b0=+0.000 b1=+0.000 b2=+0.000]
step   500  ce 6.993  loss 7.128  holds 53344  3,502 tok/s (now 3,488)  [fid:3=+0.059 fid:4=+0.102 fid:5=+0.081 fid:6=+0.005 fid:7=-0.001 b0=+0.000 b1=+0.000 b2=+0.000]
step   600  ce 6.812  loss 6.947  holds 65600  3,399 tok/s (now 2,964)  [fid:3=+0.036 fid:4=+0.047 fid:5=+0.037 fid:6=+0.006 fid:7=-0.001 b0=+0.000 b1=+0.000 b2=+0.000]
step   700  ce 7.016  loss 7.157  holds 75584  3,368 tok/s (now 3,195)  [fid:3=+0.015 fid:4=+0.018 fid:5=+0.019 fid:6=+0.005 fid:7=-0.001 b0=+0.000 b1=+0.000 b2=+0.000]
step   800  ce 6.940  loss 8.544  holds 85600  3,336 tok/s (now 3,129)  [fid:3=+0.008 fid:4=+0.011 fid:5=+0.008 fid:6=+0.004 fid:7=-0.001 b0=+0.000 b1=+0.000 b2=+0.000]
step   900  ce 6.888  loss 8.479  holds 95360  3,300 tok/s (now 3,036)  [fid:3=+0.002 fid:4=+0.005 fid:5=+0.005 fid:6=+0.004 fid:7=-0.001 b0=+0.000 b1=+0.000 b2=+0.000]
step  1000  ce 6.995  loss 7.140  holds 104576  3,267 tok/s (now 3,002)  [fid:3=+0.005 fid:4=+0.003 fid:5=+0.005 fid:6=+0.003 fid:7=-0.001 b0=+0.000 b1=+0.000 b2=+0.000]
step  1100  ce 6.967  loss 8.571  holds 113024  3,202 tok/s (now 2,667)  [fid:3=+0.008 fid:4=+0.003 fid:5=+0.005 fid:6=+0.003 fid:7=-0.000 fid:8=+0.003 b0=+0.000 b1=+0.000 b2=+0.000]
step  1200  ce 6.910  loss 7.055  holds 121600  3,166 tok/s (now 2,819)  [fid:3=-0.001 fid:4=+0.001 fid:5=+0.004 fid:6=+0.004 fid:7=-0.000 fid:8=+0.003 b0=+0.000 b1=+0.000 b2=+0.000]
step  1300  ce 6.869  loss 7.014  holds 129536  3,133 tok/s (now 2,782)  [fid:3=-0.002 fid:4=+0.001 fid:5=+0.001 fid:6=+0.003 fid:7=-0.000 fid:8=+0.003 b0=+0.000 b1=+0.000 b2=+0.000]
step  1400  ce 7.064  loss 7.209  holds 138144  3,095 tok/s (now 2,671)  [fid:3=+0.005 fid:4=+0.015 fid:5=+0.004 fid:6=+0.004 fid:7=-0.000 fid:8=+0.003 b0=+0.000 b1=+0.000 b2=+0.000]
step  1500  ce 6.900  loss 8.449  holds 146272  3,060 tok/s (now 2,648)  [fid:3=+0.001 fid:4=+0.000 fid:5=+0.001 fid:6=+0.003 fid:7=-0.000 fid:8=+0.003 b0=+0.000 b1=+0.000 b2=+0.000]
step  1600  ce 6.816  loss 6.961  holds 153952  3,012 tok/s (now 2,437)  [fid:3=-0.001 fid:4=+0.000 fid:5=+0.001 fid:6=+0.003 fid:7=-0.000 fid:8=+0.002 b0=+0.000 b1=+0.000 b2=+0.000]
step  1700  ce 6.823  loss 6.968  holds 162144  2,975 tok/s (now 2,483)  [fid:3=-0.007 fid:4=-0.000 fid:5=+0.004 fid:6=+0.004 fid:7=-0.000 fid:8=+0.002 b0=+0.000 b1=+0.000 b2=+0.000]
step  1800  ce 6.730  loss 8.234  holds 169920  2,944 tok/s (now 2,504)  [fid:3=+0.002 fid:4=+0.000 fid:5=+0.001 fid:6=+0.002 fid:7=-0.000 fid:8=+0.002 b0=+0.000 b1=+0.000 b2=+0.000]
step  1900  ce 6.790  loss 8.301  holds 177632  2,914 tok/s (now 2,457)  [fid:3=+0.001 fid:4=+0.001 fid:5=+0.001 fid:6=+0.002 fid:7=-0.000 fid:8=+0.002 b0=+0.000 b1=+0.000 b2=+0.000]
step  2000  ce 6.659  loss 8.141  holds 185312  2,882 tok/s (now 2,389)  [fid:3=+0.002 fid:4=+0.001 fid:5=+0.001 fid:6=+0.001 fid:7=-0.000 fid:8=+0.002 b0=+0.000 b1=+0.000 b2=+0.000]
    holdout(cum): {}
step  2100  ce 6.839  loss 8.356  holds 192896  2,836 tok/s (now 2,145)  [fid:3=-0.001 fid:4=+0.000 fid:5=+0.000 fid:6=+0.001 fid:7=-0.000 fid:8=+0.003 b0=+0.000 b1=+0.000 b2=+0.000]
step  2200  ce 6.810  loss 8.321  holds 200000  2,806 tok/s (now 2,296)  [fid:3=-0.000 fid:4=-0.000 fid:5=+0.001 fid:6=+0.000 fid:7=-0.000 fid:8=+0.003 b0=+0.000 b1=+0.000 b2=+0.000]
step  2300  ce 6.891  loss 8.418  holds 200000  2,774 tok/s (now 2,221)  [fid:3=+0.000 fid:4=-0.000 fid:5=+0.000 fid:6=+0.000 fid:7=-0.000 fid:8=+0.003 b0=+0.000 b1=+0.000 b2=+0.000]
step  2400  ce 7.095  loss 7.239  holds 200000  2,746 tok/s (now 2,227)  [fid:3=-0.002 fid:4=-0.000 fid:5=-0.000 fid:6=-0.000 fid:7=-0.000 fid:8=+0.003 b0=+0.000 b1=+0.000 b2=+0.000]
step  2500  ce 6.869  loss 7.014  holds 200000  2,717 tok/s (now 2,177)  [fid:3=-0.004 fid:4=+0.000 fid:5=-0.001 fid:6=-0.002 fid:7=+0.000 fid:8=+0.003 b0=+0.000 b1=+0.000 b2=+0.000]
step  2600  ce 6.958  loss 8.497  holds 200000  2,680 tok/s (now 2,000)  [fid:3=-0.004 fid:4=+0.000 fid:5=+0.000 fid:6=-0.001 fid:7=+0.000 fid:8=+0.003 b0=+0.000 b1=+0.000 b2=+0.000]
step  2700  ce 6.749  loss 8.246  holds 200000  2,654 tok/s (now 2,114)  [fid:3=-0.004 fid:4=+0.000 fid:5=+0.000 fid:6=-0.001 fid:7=+0.000 fid:8=+0.003 b0=+0.000 b1=+0.000 b2=+0.000]
step  2800  ce 6.709  loss 8.198  holds 200000  2,628 tok/s (now 2,084)  [fid:3=-0.000 fid:4=-0.000 fid:5=+0.001 fid:6=-0.000 fid:7=+0.000 fid:8=+0.003 b0=+0.000 b1=+0.000 b2=+0.000]
step  2900  ce 6.857  loss 8.372  holds 200000  2,604 tok/s (now 2,070)  [fid:3=-0.002 fid:4=+0.001 fid:5=+0.000 fid:6=-0.000 fid:7=+0.000 fid:8=+0.003 b0=+0.000 b1=+0.000 b2=+0.000]
step  3000  ce 6.675  loss 8.160  holds 200000  2,577 tok/s (now 1,979)  [fid:3=-0.001 fid:4=-0.000 fid:5=+0.000 fid:6=-0.000 fid:7=+0.000 fid:8=+0.003 b0=+0.000 b1=+0.000 b2=+0.000]
step  3100  ce 6.820  loss 8.330  holds 200000  2,546 tok/s (now 1,874)  [fid:3=-0.006 fid:4=+0.000 fid:5=+0.001 fid:6=+0.000 fid:7=+0.000 fid:8=+0.002 b0=+0.000 b1=+0.000 b2=+0.000]
step  3200  ce 6.755  loss 6.899  holds 200000  2,522 tok/s (now 1,956)  [fid:3=+0.003 fid:4=-0.000 fid:5=-0.000 fid:6=-0.000 fid:7=+0.000 fid:8=+0.002 b0=+0.000 b1=+0.000 b2=+0.000]
step  3300  ce 6.780  loss 6.924  holds 200000  2,499 tok/s (now 1,928)  [fid:3=+0.008 fid:4=-0.000 fid:5=-0.000 fid:6=-0.000 fid:7=+0.000 fid:8=+0.002 b0=+0.000 b1=+0.000 b2=+0.000]
step  3400  ce 6.865  loss 8.381  holds 200000  2,477 tok/s (now 1,908)  [fid:3=+0.004 fid:4=+0.000 fid:5=-0.000 fid:6=-0.000 fid:7=+0.000 fid:8=+0.002 b0=+0.000 b1=+0.000 b2=+0.000]
